#
# There is insufficient memory for the Java Runtime Environment to continue.
# Native memory allocation (malloc) failed to allocate 32744 bytes for ChunkPool::allocate
# Possible reasons:
#   The system is out of physical RAM or swap space
#   The process is running with CompressedOops enabled, and the Java Heap may be blocking the growth of the native heap
# Possible solutions:
#   Reduce memory load on the system
#   Increase physical memory or swap space
#   Check if swap backing store is full
#   Decrease Java heap size (-Xmx/-Xms)
#   Decrease number of Java threads
#   Decrease Java thread stack sizes (-Xss)
#   Set larger code cache with -XX:ReservedCodeCacheSize=
#   JVM is running with Unscaled Compressed Oops mode in which the Java heap is
#     placed in the first 4GB address space. The Java Heap base address is the
#     maximum limit for the native heap growth. Please use -XX:HeapBaseMinAddress
#     to set the Java Heap base and to place the Java Heap above 4GB virtual address.
# This output file may be truncated or incomplete.
#
#  Out of Memory Error (arena.cpp:79), pid=20460, tid=396
#
# JRE version: OpenJDK Runtime Environment (17.0.9) (build 17.0.9+0--11185874)
# Java VM: OpenJDK 64-Bit Server VM (17.0.9+0--11185874, mixed mode, tiered, compressed oops, compressed class ptrs, g1 gc, windows-amd64)
# No core dump will be written. Minidumps are not enabled by default on client versions of Windows
#

---------------  S U M M A R Y ------------

Command Line: --add-opens=java.base/java.util=ALL-UNNAMED --add-opens=java.base/java.lang=ALL-UNNAMED --add-opens=java.base/java.lang.invoke=ALL-UNNAMED --add-opens=java.prefs/java.util.prefs=ALL-UNNAMED --add-opens=java.base/java.nio.charset=ALL-UNNAMED --add-opens=java.base/java.net=ALL-UNNAMED --add-opens=java.base/java.util.concurrent.atomic=ALL-UNNAMED -Xmx2048m -Dfile.encoding=UTF-8 -Duser.country=US -Duser.language=en -Duser.variant -javaagent:C:\Users\rayal\.gradle\wrapper\dists\gradle-8.4-bin\1w5dpkrfk8irigvoxmyhowfim\gradle-8.4\lib\agents\gradle-instrumentation-agent-8.4.jar org.gradle.launcher.daemon.bootstrap.GradleDaemon 8.4

Host: 11th Gen Intel(R) Core(TM) i3-1115G4 @ 3.00GHz, 4 cores, 7G,  Windows 11 , 64 bit Build 26100 (10.0.26100.7920)
Time: Wed Apr  1 20:54:56 2026 Malay Peninsula Standard Time elapsed time: 32.789018 seconds (0d 0h 0m 32s)

---------------  T H R E A D  ---------------

Current thread (0x00000284b459e040):  JavaThread "C2 CompilerThread0" daemon [_thread_in_native, id=396, stack(0x000000e06e100000,0x000000e06e200000)]


Current CompileTask:
C2:  32789 12545       4       com.sun.org.apache.xerces.internal.impl.XMLNSDocumentScannerImpl::scanStartElement (1031 bytes)

Stack: [0x000000e06e100000,0x000000e06e200000]
Native frames: (J=compiled Java code, j=interpreted, Vv=VM code, C=native code)
V  [jvm.dll+0x6886e9]
V  [jvm.dll+0x841e4a]
V  [jvm.dll+0x843a8e]
V  [jvm.dll+0x8440f3]
V  [jvm.dll+0x24c14f]
V  [jvm.dll+0xac66c]
V  [jvm.dll+0xaca9c]
V  [jvm.dll+0x1ad093]
V  [jvm.dll+0x346ab8]
V  [jvm.dll+0x34d09c]
V  [jvm.dll+0x3529fa]
V  [jvm.dll+0x3466d0]
V  [jvm.dll+0x6a29e0]
V  [jvm.dll+0x69bb9c]
V  [jvm.dll+0x69d243]
V  [jvm.dll+0x6a0b1e]
V  [jvm.dll+0x698b0b]
V  [jvm.dll+0x698147]
V  [jvm.dll+0x696032]
V  [jvm.dll+0x1a99ac]
V  [jvm.dll+0x1aa576]
V  [jvm.dll+0x2b2984]
V  [jvm.dll+0x6a0b45]
V  [jvm.dll+0x698b0b]
V  [jvm.dll+0x698147]
V  [jvm.dll+0x696032]
V  [jvm.dll+0x1a99ac]
V  [jvm.dll+0x1aa576]
V  [jvm.dll+0x1aa576]
V  [jvm.dll+0x2b2984]
V  [jvm.dll+0x6a0b45]
V  [jvm.dll+0x698b0b]
V  [jvm.dll+0x698147]
V  [jvm.dll+0x696032]
V  [jvm.dll+0x1a99ac]
V  [jvm.dll+0x1aa576]
V  [jvm.dll+0x2b2984]
V  [jvm.dll+0x6a0b45]
V  [jvm.dll+0x698b0b]
V  [jvm.dll+0x698147]
V  [jvm.dll+0x696032]
V  [jvm.dll+0x1a99ac]
V  [jvm.dll+0x1aa576]
V  [jvm.dll+0x1aa576]
V  [jvm.dll+0x1aa4b8]
V  [jvm.dll+0x2b2984]
V  [jvm.dll+0x6a0b45]
V  [jvm.dll+0x698b0b]
V  [jvm.dll+0x698147]
V  [jvm.dll+0x696032]
V  [jvm.dll+0x1a99ac]
V  [jvm.dll+0x21cd88]
V  [jvm.dll+0x1a674d]
V  [jvm.dll+0x22d088]
V  [jvm.dll+0x22b1c0]
V  [jvm.dll+0x7f62f7]
V  [jvm.dll+0x7f06aa]
V  [jvm.dll+0x687565]
C  [ucrtbase.dll+0x37b0]
C  [KERNEL32.DLL+0x2e8d7]
C  [ntdll.dll+0x8c48c]


---------------  P R O C E S S  ---------------

Threads class SMR info:
_java_thread_list=0x00000284c30b8ce0, length=60, elements={
0x000002849924ad80, 0x00000284b46e6020, 0x00000284b46e9670, 0x00000284b45999c0,
0x00000284b459c2a0, 0x00000284b459cb70, 0x00000284b459d440, 0x00000284b459e040,
0x00000284b472d910, 0x00000284b4788db0, 0x00000284b48198b0, 0x00000284b4a44f60,
0x00000284ba1339d0, 0x00000284bb79e8d0, 0x00000284ba6da060, 0x00000284bb340040,
0x00000284b9cd6a20, 0x00000284bac01760, 0x00000284bac01c40, 0x00000284babb36f0,
0x00000284babb4110, 0x00000284babb3c00, 0x00000284babb1890, 0x00000284babb31e0,
0x00000284babb22b0, 0x00000284babb4b30, 0x00000284babb5040, 0x00000284babb1da0,
0x00000284babb27c0, 0x00000284babb2cd0, 0x00000284bae60270, 0x00000284bae60780,
0x00000284bae5fd60, 0x00000284bae5f850, 0x00000284bae616b0, 0x00000284bae5f340,
0x00000284bae61bc0, 0x00000284bae5ee30, 0x00000284bae63f30, 0x00000284bae64440,
0x00000284bae64950, 0x00000284bae65880, 0x00000284bae65d90, 0x00000284bae662a0,
0x00000284bae63a20, 0x00000284bae667b0, 0x00000284be372d60, 0x00000284be36fac0,
0x00000284be371410, 0x00000284be373270, 0x00000284be373780, 0x00000284be371e30,
0x00000284be372340, 0x00000284be36ffd0, 0x00000284be373c90, 0x00000284be3741a0,
0x00000284be3709f0, 0x00000284be3746b0, 0x00000284be3750d0, 0x00000284ba6a29a0
}

Java Threads: ( => current thread )
  0x000002849924ad80 JavaThread "main" [_thread_blocked, id=15972, stack(0x000000e06d400000,0x000000e06d500000)]
  0x00000284b46e6020 JavaThread "Reference Handler" daemon [_thread_blocked, id=868, stack(0x000000e06db00000,0x000000e06dc00000)]
  0x00000284b46e9670 JavaThread "Finalizer" daemon [_thread_blocked, id=18164, stack(0x000000e06dc00000,0x000000e06dd00000)]
  0x00000284b45999c0 JavaThread "Signal Dispatcher" daemon [_thread_blocked, id=11516, stack(0x000000e06dd00000,0x000000e06de00000)]
  0x00000284b459c2a0 JavaThread "Attach Listener" daemon [_thread_blocked, id=15756, stack(0x000000e06de00000,0x000000e06df00000)]
  0x00000284b459cb70 JavaThread "Service Thread" daemon [_thread_blocked, id=21588, stack(0x000000e06df00000,0x000000e06e000000)]
  0x00000284b459d440 JavaThread "Monitor Deflation Thread" daemon [_thread_blocked, id=10824, stack(0x000000e06e000000,0x000000e06e100000)]
=>0x00000284b459e040 JavaThread "C2 CompilerThread0" daemon [_thread_in_native, id=396, stack(0x000000e06e100000,0x000000e06e200000)]
  0x00000284b472d910 JavaThread "C1 CompilerThread0" daemon [_thread_in_vm, id=2492, stack(0x000000e06e200000,0x000000e06e300000)]
  0x00000284b4788db0 JavaThread "Sweeper thread" daemon [_thread_blocked, id=21460, stack(0x000000e06e300000,0x000000e06e400000)]
  0x00000284b48198b0 JavaThread "Common-Cleaner" daemon [_thread_blocked, id=18936, stack(0x000000e06e400000,0x000000e06e500000)]
  0x00000284b4a44f60 JavaThread "Notification Thread" daemon [_thread_blocked, id=7248, stack(0x000000e06e500000,0x000000e06e600000)]
  0x00000284ba1339d0 JavaThread "Daemon health stats" [_thread_blocked, id=21872, stack(0x000000e06e700000,0x000000e06e800000)]
  0x00000284bb79e8d0 JavaThread "Incoming local TCP Connector on port 15793" [_thread_in_native, id=20980, stack(0x000000e06eb00000,0x000000e06ec00000)]
  0x00000284ba6da060 JavaThread "Daemon periodic checks" [_thread_blocked, id=13872, stack(0x000000e06ec00000,0x000000e06ed00000)]
  0x00000284bb340040 JavaThread "Daemon" [_thread_blocked, id=8, stack(0x000000e06ed00000,0x000000e06ee00000)]
  0x00000284b9cd6a20 JavaThread "Handler for socket connection from /127.0.0.1:15793 to /127.0.0.1:15794" [_thread_in_native, id=19992, stack(0x000000e06ee00000,0x000000e06ef00000)]
  0x00000284bac01760 JavaThread "Cancel handler" [_thread_blocked, id=17004, stack(0x000000e06ef00000,0x000000e06f000000)]
  0x00000284bac01c40 JavaThread "Daemon worker" [_thread_blocked, id=7784, stack(0x000000e06f000000,0x000000e06f100000)]
  0x00000284babb36f0 JavaThread "Asynchronous log dispatcher for DefaultDaemonConnection: socket connection from /127.0.0.1:15793 to /127.0.0.1:15794" [_thread_blocked, id=5584, stack(0x000000e06f200000,0x000000e06f300000)]
  0x00000284babb4110 JavaThread "Stdin handler" [_thread_blocked, id=21732, stack(0x000000e06f300000,0x000000e06f400000)]
  0x00000284babb3c00 JavaThread "Daemon client event forwarder" [_thread_blocked, id=20156, stack(0x000000e06f400000,0x000000e06f500000)]
  0x00000284babb1890 JavaThread "Cache worker for journal cache (C:\Users\rayal\.gradle\caches\journal-1)" [_thread_blocked, id=19880, stack(0x000000e06f100000,0x000000e06f200000)]
  0x00000284babb31e0 JavaThread "File lock request listener" [_thread_in_native, id=18908, stack(0x000000e06f500000,0x000000e06f600000)]
  0x00000284babb22b0 JavaThread "Cache worker for file hash cache (C:\Users\rayal\.gradle\caches\8.4\fileHashes)" [_thread_blocked, id=19724, stack(0x000000e06f600000,0x000000e06f700000)]
  0x00000284babb4b30 JavaThread "File watcher server" daemon [_thread_in_native, id=15752, stack(0x000000e06f700000,0x000000e06f800000)]
  0x00000284babb5040 JavaThread "File watcher consumer" daemon [_thread_blocked, id=22420, stack(0x000000e06f800000,0x000000e06f900000)]
  0x00000284babb1da0 JavaThread "Cache worker for checksums cache (D:\projects\IT342-Jaranilla-LoudWaveLive\mobile\.gradle\8.4\checksums)" [_thread_blocked, id=8964, stack(0x000000e06f900000,0x000000e06fa00000)]
  0x00000284babb27c0 JavaThread "Cache worker for file hash cache (D:\projects\IT342-Jaranilla-LoudWaveLive\mobile\.gradle\8.4\fileHashes)" [_thread_blocked, id=11776, stack(0x000000e06fa00000,0x000000e06fb00000)]
  0x00000284babb2cd0 JavaThread "Cache worker for cache directory md-supplier (C:\Users\rayal\.gradle\caches\8.4\md-supplier)" [_thread_blocked, id=18188, stack(0x000000e06fb00000,0x000000e06fc00000)]
  0x00000284bae60270 JavaThread "Cache worker for file content cache (C:\Users\rayal\.gradle\caches\8.4\fileContent)" [_thread_blocked, id=14024, stack(0x000000e06fc00000,0x000000e06fd00000)]
  0x00000284bae60780 JavaThread "Cache worker for cache directory md-rule (C:\Users\rayal\.gradle\caches\8.4\md-rule)" [_thread_blocked, id=14184, stack(0x000000e06fd00000,0x000000e06fe00000)]
  0x00000284bae5fd60 JavaThread "Cache worker for execution history cache (C:\Users\rayal\.gradle\caches\8.4\executionHistory)" [_thread_blocked, id=8424, stack(0x000000e06fe00000,0x000000e06ff00000)]
  0x00000284bae5f850 JavaThread "Cache worker for kotlin-dsl (C:\Users\rayal\.gradle\caches\8.4\kotlin-dsl)" [_thread_blocked, id=19460, stack(0x000000e070100000,0x000000e070200000)]
  0x00000284bae616b0 JavaThread "jar transforms" [_thread_blocked, id=11924, stack(0x000000e070200000,0x000000e070300000)]
  0x00000284bae5f340 JavaThread "jar transforms Thread 2" [_thread_blocked, id=16920, stack(0x000000e070300000,0x000000e070400000)]
  0x00000284bae61bc0 JavaThread "jar transforms Thread 3" [_thread_blocked, id=12964, stack(0x000000e070400000,0x000000e070500000)]
  0x00000284bae5ee30 JavaThread "jar transforms Thread 4" [_thread_blocked, id=8264, stack(0x000000e070500000,0x000000e070600000)]
  0x00000284bae63f30 JavaThread "Cache worker for dependencies-accessors (D:\projects\IT342-Jaranilla-LoudWaveLive\mobile\.gradle\8.4\dependencies-accessors)" [_thread_blocked, id=21276, stack(0x000000e070600000,0x000000e070700000)]
  0x00000284bae64440 JavaThread "Cache worker for Build Output Cleanup Cache (D:\projects\IT342-Jaranilla-LoudWaveLive\mobile\.gradle\buildOutputCleanup)" [_thread_blocked, id=21984, stack(0x000000e070700000,0x000000e070800000)]
  0x00000284bae64950 JavaThread "Unconstrained build operations" [_thread_blocked, id=17812, stack(0x000000e070000000,0x000000e070100000)]
  0x00000284bae65880 JavaThread "Unconstrained build operations Thread 2" [_thread_blocked, id=20344, stack(0x000000e070800000,0x000000e070900000)]
  0x00000284bae65d90 JavaThread "Unconstrained build operations Thread 3" [_thread_blocked, id=19676, stack(0x000000e070900000,0x000000e070a00000)]
  0x00000284bae662a0 JavaThread "build event listener" [_thread_blocked, id=21968, stack(0x000000e070b00000,0x000000e070c00000)]
  0x00000284bae63a20 JavaThread "Memory manager" [_thread_blocked, id=19048, stack(0x000000e070c00000,0x000000e070d00000)]
  0x00000284bae667b0 JavaThread "build event listener" [_thread_blocked, id=8536, stack(0x000000e070d00000,0x000000e070e00000)]
  0x00000284be372d60 JavaThread "pool-3-thread-1" [_thread_blocked, id=19092, stack(0x000000e070e00000,0x000000e070f00000)]
  0x00000284be36fac0 JavaThread "build event listener" [_thread_blocked, id=5844, stack(0x000000e070f00000,0x000000e071000000)]
  0x00000284be371410 JavaThread "included builds" [_thread_blocked, id=18772, stack(0x000000e071000000,0x000000e071100000)]
  0x00000284be373270 JavaThread "Execution worker" [_thread_blocked, id=21452, stack(0x000000e071100000,0x000000e071200000)]
  0x00000284be373780 JavaThread "Execution worker Thread 2" [_thread_blocked, id=20796, stack(0x000000e071200000,0x000000e071300000)]
  0x00000284be371e30 JavaThread "Execution worker Thread 3" [_thread_blocked, id=12884, stack(0x000000e071300000,0x000000e071400000)]
  0x00000284be372340 JavaThread "Cache worker for execution history cache (D:\projects\IT342-Jaranilla-LoudWaveLive\mobile\.gradle\8.4\executionHistory)" [_thread_blocked, id=17036, stack(0x000000e071400000,0x000000e071500000)]
  0x00000284be36ffd0 JavaThread "Unconstrained build operations Thread 4" [_thread_blocked, id=18512, stack(0x000000e071500000,0x000000e071600000)]
  0x00000284be373c90 JavaThread "Unconstrained build operations Thread 5" [_thread_blocked, id=15144, stack(0x000000e071600000,0x000000e071700000)]
  0x00000284be3741a0 JavaThread "Unconstrained build operations Thread 6" [_thread_blocked, id=16844, stack(0x000000e071700000,0x000000e071800000)]
  0x00000284be3709f0 JavaThread "Unconstrained build operations Thread 7" [_thread_blocked, id=15836, stack(0x000000e071800000,0x000000e071900000)]
  0x00000284be3746b0 JavaThread "Unconstrained build operations Thread 8" [_thread_blocked, id=9068, stack(0x000000e071900000,0x000000e071a00000)]
  0x00000284be3750d0 JavaThread "Unconstrained build operations Thread 9" [_thread_blocked, id=3312, stack(0x000000e071a00000,0x000000e071b00000)]
  0x00000284ba6a29a0 JavaThread "C2 CompilerThread1" daemon [_thread_in_native, id=22152, stack(0x000000e070a00000,0x000000e070b00000)]

Other Threads:
  0x00000284b457cc90 VMThread "VM Thread" [stack: 0x000000e06da00000,0x000000e06db00000] [id=18900]
  0x000002849924bb10 WatcherThread [stack: 0x000000e06e600000,0x000000e06e700000] [id=16596]
  0x00000284992a9300 GCTaskThread "GC Thread#0" [stack: 0x000000e06d500000,0x000000e06d600000] [id=10612]
  0x00000284b91b7ef0 GCTaskThread "GC Thread#1" [stack: 0x000000e06e800000,0x000000e06e900000] [id=19264]
  0x00000284b4aa7440 GCTaskThread "GC Thread#2" [stack: 0x000000e06e900000,0x000000e06ea00000] [id=18160]
  0x00000284b9be1840 GCTaskThread "GC Thread#3" [stack: 0x000000e06ea00000,0x000000e06eb00000] [id=9592]
  0x00000284992bae30 ConcurrentGCThread "G1 Main Marker" [stack: 0x000000e06d600000,0x000000e06d700000] [id=8156]
  0x00000284992bc430 ConcurrentGCThread "G1 Conc#0" [stack: 0x000000e06d700000,0x000000e06d800000] [id=13784]
  0x00000284992fda20 ConcurrentGCThread "G1 Refine#0" [stack: 0x000000e06d800000,0x000000e06d900000] [id=9380]
  0x00000284ba6688e0 ConcurrentGCThread "G1 Refine#1" [stack: 0x000000e06ff00000,0x000000e070000000] [id=11520]
  0x00000284992fe4c0 ConcurrentGCThread "G1 Service" [stack: 0x000000e06d900000,0x000000e06da00000] [id=3196]

Threads with active compile tasks:
C2 CompilerThread0    32887 12545       4       com.sun.org.apache.xerces.internal.impl.XMLNSDocumentScannerImpl::scanStartElement (1031 bytes)
C1 CompilerThread0    32887 12559       3       com.sun.org.apache.xerces.internal.impl.XMLDocumentFragmentScannerImpl::scanComment (31 bytes)
C2 CompilerThread1    32887 12515   !   4       com.sun.org.apache.xerces.internal.parsers.XML11Configuration::setProperty (160 bytes)

VM state: not at safepoint (normal execution)

VM Mutex/Monitor currently owned by a thread:  ([mutex/lock_event])
[0x0000028498e4de90] CodeCache_lock - owner thread: 0x00000284b472d910
[0x0000028499249a80] Compile_lock - owner thread: 0x00000284b472d910
[0x0000028499249600] MethodCompileQueue_lock - owner thread: 0x00000284b472d910

Heap address: 0x0000000080000000, size: 2048 MB, Compressed Oops mode: 32-bit

CDS archive(s) not mapped
Compressed class space mapped at: 0x0000000100000000-0x0000000140000000, reserved size: 1073741824
Narrow klass base: 0x0000000000000000, Narrow klass shift: 3, Narrow klass range: 0x140000000

GC Precious Log:
 CPUs: 4 total, 4 available
 Memory: 7991M
 Large Page Support: Disabled
 NUMA Support: Disabled
 Compressed Oops: Enabled (32-bit)
 Heap Region Size: 1M
 Heap Min Capacity: 8M
 Heap Initial Capacity: 126M
 Heap Max Capacity: 2G
 Pre-touch: Disabled
 Parallel Workers: 4
 Concurrent Workers: 1
 Concurrent Refinement Workers: 4
 Periodic GC: Disabled

Heap:
 garbage-first heap   total 211968K, used 176591K [0x0000000080000000, 0x0000000100000000)
  region size 1024K, 67 young (68608K), 1 survivors (1024K)
 Metaspace       used 106366K, committed 107136K, reserved 1179648K
  class space    used 14529K, committed 14912K, reserved 1048576K

Heap Regions: E=young(eden), S=young(survivor), O=old, HS=humongous(starts), HC=humongous(continues), CS=collection set, F=free, OA=open archive, CA=closed archive, TAMS=top-at-mark-start (previous, next)
|   0|0x0000000080000000, 0x0000000080100000, 0x0000000080100000|100%| O|  |TAMS 0x0000000080100000, 0x0000000080000000| Untracked 
|   1|0x0000000080100000, 0x0000000080200000, 0x0000000080200000|100%| O|  |TAMS 0x0000000080200000, 0x0000000080100000| Untracked 
|   2|0x0000000080200000, 0x0000000080300000, 0x0000000080300000|100%|HS|  |TAMS 0x0000000080300000, 0x0000000080200000| Complete 
|   3|0x0000000080300000, 0x0000000080400000, 0x0000000080400000|100%|HC|  |TAMS 0x0000000080400000, 0x0000000080300000| Complete 
|   4|0x0000000080400000, 0x0000000080500000, 0x0000000080500000|100%|HC|  |TAMS 0x0000000080500000, 0x0000000080400000| Complete 
|   5|0x0000000080500000, 0x0000000080600000, 0x0000000080600000|100%|HC|  |TAMS 0x0000000080600000, 0x0000000080500000| Complete 
|   6|0x0000000080600000, 0x0000000080700000, 0x0000000080700000|100%| O|  |TAMS 0x0000000080700000, 0x0000000080600000| Untracked 
|   7|0x0000000080700000, 0x0000000080800000, 0x0000000080800000|100%| O|  |TAMS 0x0000000080800000, 0x0000000080700000| Untracked 
|   8|0x0000000080800000, 0x0000000080900000, 0x0000000080900000|100%| O|  |TAMS 0x0000000080900000, 0x0000000080800000| Untracked 
|   9|0x0000000080900000, 0x0000000080a00000, 0x0000000080a00000|100%| O|  |TAMS 0x0000000080a00000, 0x0000000080900000| Untracked 
|  10|0x0000000080a00000, 0x0000000080b00000, 0x0000000080b00000|100%| O|  |TAMS 0x0000000080b00000, 0x0000000080a00000| Untracked 
|  11|0x0000000080b00000, 0x0000000080bd7600, 0x0000000080c00000| 84%| O|  |TAMS 0x0000000080bd7600, 0x0000000080b00000| Untracked 
|  12|0x0000000080c00000, 0x0000000080d00000, 0x0000000080d00000|100%| O|  |TAMS 0x0000000080d00000, 0x0000000080c00000| Untracked 
|  13|0x0000000080d00000, 0x0000000080e00000, 0x0000000080e00000|100%| O|  |TAMS 0x0000000080e00000, 0x0000000080d00000| Complete 
|  14|0x0000000080e00000, 0x0000000080f00000, 0x0000000080f00000|100%| O|  |TAMS 0x0000000080f00000, 0x0000000080e00000| Untracked 
|  15|0x0000000080f00000, 0x0000000081000000, 0x0000000081000000|100%| O|  |TAMS 0x0000000081000000, 0x0000000080f00000| Untracked 
|  16|0x0000000081000000, 0x0000000081100000, 0x0000000081100000|100%| O|  |TAMS 0x0000000081100000, 0x0000000081000000| Untracked 
|  17|0x0000000081100000, 0x0000000081200000, 0x0000000081200000|100%| O|  |TAMS 0x0000000081200000, 0x0000000081100000| Untracked 
|  18|0x0000000081200000, 0x0000000081300000, 0x0000000081300000|100%| O|  |TAMS 0x0000000081300000, 0x0000000081200000| Untracked 
|  19|0x0000000081300000, 0x0000000081400000, 0x0000000081400000|100%| O|  |TAMS 0x0000000081400000, 0x0000000081300000| Untracked 
|  20|0x0000000081400000, 0x0000000081500000, 0x0000000081500000|100%| O|  |TAMS 0x0000000081500000, 0x0000000081400000| Untracked 
|  21|0x0000000081500000, 0x0000000081600000, 0x0000000081600000|100%| O|  |TAMS 0x0000000081600000, 0x0000000081500000| Untracked 
|  22|0x0000000081600000, 0x0000000081700000, 0x0000000081700000|100%| O|  |TAMS 0x0000000081700000, 0x0000000081600000| Untracked 
|  23|0x0000000081700000, 0x0000000081800000, 0x0000000081800000|100%|HS|  |TAMS 0x0000000081700000, 0x0000000081700000| Complete 
|  24|0x0000000081800000, 0x0000000081900000, 0x0000000081900000|100%| O|  |TAMS 0x0000000081900000, 0x0000000081800000| Untracked 
|  25|0x0000000081900000, 0x0000000081a00000, 0x0000000081a00000|100%| O|  |TAMS 0x0000000081a00000, 0x0000000081900000| Untracked 
|  26|0x0000000081a00000, 0x0000000081b00000, 0x0000000081b00000|100%| O|  |TAMS 0x0000000081b00000, 0x0000000081a00000| Untracked 
|  27|0x0000000081b00000, 0x0000000081c00000, 0x0000000081c00000|100%| O|  |TAMS 0x0000000081c00000, 0x0000000081b00000| Untracked 
|  28|0x0000000081c00000, 0x0000000081d00000, 0x0000000081d00000|100%| O|  |TAMS 0x0000000081d00000, 0x0000000081c00000| Untracked 
|  29|0x0000000081d00000, 0x0000000081e00000, 0x0000000081e00000|100%| O|  |TAMS 0x0000000081e00000, 0x0000000081d00000| Untracked 
|  30|0x0000000081e00000, 0x0000000081f00000, 0x0000000081f00000|100%| O|  |TAMS 0x0000000081f00000, 0x0000000081e00000| Untracked 
|  31|0x0000000081f00000, 0x0000000082000000, 0x0000000082000000|100%| O|  |TAMS 0x0000000082000000, 0x0000000081f00000| Untracked 
|  32|0x0000000082000000, 0x0000000082100000, 0x0000000082100000|100%| O|  |TAMS 0x0000000082100000, 0x0000000082000000| Untracked 
|  33|0x0000000082100000, 0x0000000082200000, 0x0000000082200000|100%| O|  |TAMS 0x0000000082200000, 0x0000000082100000| Untracked 
|  34|0x0000000082200000, 0x0000000082300000, 0x0000000082300000|100%| O|  |TAMS 0x0000000082300000, 0x0000000082200000| Untracked 
|  35|0x0000000082300000, 0x0000000082400000, 0x0000000082400000|100%| O|  |TAMS 0x0000000082400000, 0x0000000082300000| Untracked 
|  36|0x0000000082400000, 0x0000000082500000, 0x0000000082500000|100%| O|  |TAMS 0x0000000082500000, 0x0000000082400000| Untracked 
|  37|0x0000000082500000, 0x0000000082600000, 0x0000000082600000|100%| O|  |TAMS 0x0000000082600000, 0x0000000082500000| Untracked 
|  38|0x0000000082600000, 0x0000000082700000, 0x0000000082700000|100%|HS|  |TAMS 0x0000000082700000, 0x0000000082600000| Complete 
|  39|0x0000000082700000, 0x0000000082800000, 0x0000000082800000|100%|HS|  |TAMS 0x0000000082800000, 0x0000000082700000| Complete 
|  40|0x0000000082800000, 0x0000000082900000, 0x0000000082900000|100%|HS|  |TAMS 0x0000000082900000, 0x0000000082800000| Complete 
|  41|0x0000000082900000, 0x0000000082a00000, 0x0000000082a00000|100%|HC|  |TAMS 0x0000000082a00000, 0x0000000082900000| Complete 
|  42|0x0000000082a00000, 0x0000000082b00000, 0x0000000082b00000|100%|HS|  |TAMS 0x0000000082b00000, 0x0000000082a00000| Complete 
|  43|0x0000000082b00000, 0x0000000082c00000, 0x0000000082c00000|100%|HC|  |TAMS 0x0000000082c00000, 0x0000000082b00000| Complete 
|  44|0x0000000082c00000, 0x0000000082d00000, 0x0000000082d00000|100%|HS|  |TAMS 0x0000000082d00000, 0x0000000082c00000| Complete 
|  45|0x0000000082d00000, 0x0000000082e00000, 0x0000000082e00000|100%| O|  |TAMS 0x0000000082e00000, 0x0000000082d00000| Untracked 
|  46|0x0000000082e00000, 0x0000000082f00000, 0x0000000082f00000|100%| O|  |TAMS 0x0000000082f00000, 0x0000000082e00000| Untracked 
|  47|0x0000000082f00000, 0x0000000083000000, 0x0000000083000000|100%|HS|  |TAMS 0x0000000083000000, 0x0000000082f00000| Complete 
|  48|0x0000000083000000, 0x0000000083100000, 0x0000000083100000|100%|HC|  |TAMS 0x0000000083100000, 0x0000000083000000| Complete 
|  49|0x0000000083100000, 0x0000000083200000, 0x0000000083200000|100%|HC|  |TAMS 0x0000000083200000, 0x0000000083100000| Complete 
|  50|0x0000000083200000, 0x0000000083300000, 0x0000000083300000|100%|HC|  |TAMS 0x0000000083300000, 0x0000000083200000| Complete 
|  51|0x0000000083300000, 0x0000000083400000, 0x0000000083400000|100%|HS|  |TAMS 0x0000000083400000, 0x0000000083300000| Complete 
|  52|0x0000000083400000, 0x0000000083500000, 0x0000000083500000|100%| O|  |TAMS 0x0000000083500000, 0x0000000083400000| Untracked 
|  53|0x0000000083500000, 0x0000000083600000, 0x0000000083600000|100%| O|  |TAMS 0x0000000083600000, 0x0000000083500000| Untracked 
|  54|0x0000000083600000, 0x0000000083700000, 0x0000000083700000|100%| O|  |TAMS 0x0000000083700000, 0x0000000083600000| Untracked 
|  55|0x0000000083700000, 0x0000000083800000, 0x0000000083800000|100%| O|  |TAMS 0x0000000083800000, 0x0000000083700000| Untracked 
|  56|0x0000000083800000, 0x0000000083900000, 0x0000000083900000|100%|HS|  |TAMS 0x0000000083900000, 0x0000000083800000| Complete 
|  57|0x0000000083900000, 0x0000000083a00000, 0x0000000083a00000|100%| O|  |TAMS 0x0000000083a00000, 0x0000000083900000| Untracked 
|  58|0x0000000083a00000, 0x0000000083b00000, 0x0000000083b00000|100%| O|  |TAMS 0x0000000083b00000, 0x0000000083a00000| Untracked 
|  59|0x0000000083b00000, 0x0000000083c00000, 0x0000000083c00000|100%| O|  |TAMS 0x0000000083c00000, 0x0000000083b00000| Untracked 
|  60|0x0000000083c00000, 0x0000000083d00000, 0x0000000083d00000|100%| O|  |TAMS 0x0000000083d00000, 0x0000000083c00000| Untracked 
|  61|0x0000000083d00000, 0x0000000083e00000, 0x0000000083e00000|100%| O|  |TAMS 0x0000000083e00000, 0x0000000083d00000| Untracked 
|  62|0x0000000083e00000, 0x0000000083f00000, 0x0000000083f00000|100%| O|  |TAMS 0x0000000083f00000, 0x0000000083e00000| Untracked 
|  63|0x0000000083f00000, 0x0000000084000000, 0x0000000084000000|100%| O|  |TAMS 0x0000000084000000, 0x0000000083f00000| Untracked 
|  64|0x0000000084000000, 0x0000000084100000, 0x0000000084100000|100%|HS|  |TAMS 0x0000000084100000, 0x0000000084000000| Complete 
|  65|0x0000000084100000, 0x0000000084200000, 0x0000000084200000|100%|HC|  |TAMS 0x0000000084200000, 0x0000000084100000| Complete 
|  66|0x0000000084200000, 0x0000000084300000, 0x0000000084300000|100%|HC|  |TAMS 0x0000000084300000, 0x0000000084200000| Complete 
|  67|0x0000000084300000, 0x0000000084400000, 0x0000000084400000|100%|HC|  |TAMS 0x0000000084400000, 0x0000000084300000| Complete 
|  68|0x0000000084400000, 0x0000000084500000, 0x0000000084500000|100%| O|  |TAMS 0x0000000084500000, 0x0000000084400000| Untracked 
|  69|0x0000000084500000, 0x0000000084600000, 0x0000000084600000|100%| O|  |TAMS 0x0000000084600000, 0x0000000084500000| Untracked 
|  70|0x0000000084600000, 0x0000000084700000, 0x0000000084700000|100%| O|  |TAMS 0x0000000084700000, 0x0000000084600000| Untracked 
|  71|0x0000000084700000, 0x0000000084800000, 0x0000000084800000|100%| O|  |TAMS 0x0000000084800000, 0x0000000084700000| Untracked 
|  72|0x0000000084800000, 0x0000000084900000, 0x0000000084900000|100%| O|  |TAMS 0x0000000084900000, 0x0000000084800000| Untracked 
|  73|0x0000000084900000, 0x0000000084a00000, 0x0000000084a00000|100%| O|  |TAMS 0x0000000084a00000, 0x0000000084900000| Untracked 
|  74|0x0000000084a00000, 0x0000000084b00000, 0x0000000084b00000|100%| O|  |TAMS 0x0000000084b00000, 0x0000000084a00000| Untracked 
|  75|0x0000000084b00000, 0x0000000084c00000, 0x0000000084c00000|100%| O|  |TAMS 0x0000000084c00000, 0x0000000084b00000| Untracked 
|  76|0x0000000084c00000, 0x0000000084d00000, 0x0000000084d00000|100%| O|  |TAMS 0x0000000084d00000, 0x0000000084c00000| Untracked 
|  77|0x0000000084d00000, 0x0000000084e00000, 0x0000000084e00000|100%| O|  |TAMS 0x0000000084e00000, 0x0000000084d00000| Untracked 
|  78|0x0000000084e00000, 0x0000000084f00000, 0x0000000084f00000|100%| O|  |TAMS 0x0000000084f00000, 0x0000000084e00000| Untracked 
|  79|0x0000000084f00000, 0x0000000085000000, 0x0000000085000000|100%| O|  |TAMS 0x0000000085000000, 0x0000000084f00000| Untracked 
|  80|0x0000000085000000, 0x0000000085100000, 0x0000000085100000|100%| O|  |TAMS 0x0000000085100000, 0x0000000085000000| Untracked 
|  81|0x0000000085100000, 0x0000000085200000, 0x0000000085200000|100%| O|  |TAMS 0x0000000085200000, 0x0000000085100000| Untracked 
|  82|0x0000000085200000, 0x0000000085300000, 0x0000000085300000|100%| O|  |TAMS 0x0000000085300000, 0x0000000085200000| Untracked 
|  83|0x0000000085300000, 0x0000000085400000, 0x0000000085400000|100%| O|  |TAMS 0x0000000085400000, 0x0000000085300000| Untracked 
|  84|0x0000000085400000, 0x0000000085500000, 0x0000000085500000|100%| O|  |TAMS 0x0000000085500000, 0x0000000085400000| Untracked 
|  85|0x0000000085500000, 0x0000000085600000, 0x0000000085600000|100%| O|  |TAMS 0x0000000085600000, 0x0000000085500000| Untracked 
|  86|0x0000000085600000, 0x0000000085700000, 0x0000000085700000|100%| O|  |TAMS 0x0000000085700000, 0x0000000085600000| Untracked 
|  87|0x0000000085700000, 0x0000000085800000, 0x0000000085800000|100%| O|  |TAMS 0x0000000085800000, 0x0000000085700000| Untracked 
|  88|0x0000000085800000, 0x0000000085900000, 0x0000000085900000|100%| O|  |TAMS 0x0000000085900000, 0x0000000085800000| Untracked 
|  89|0x0000000085900000, 0x0000000085a00000, 0x0000000085a00000|100%| O|  |TAMS 0x0000000085a00000, 0x0000000085900000| Untracked 
|  90|0x0000000085a00000, 0x0000000085b00000, 0x0000000085b00000|100%| O|  |TAMS 0x0000000085b00000, 0x0000000085a00000| Untracked 
|  91|0x0000000085b00000, 0x0000000085c00000, 0x0000000085c00000|100%| O|  |TAMS 0x0000000085c00000, 0x0000000085b00000| Untracked 
|  92|0x0000000085c00000, 0x0000000085d00000, 0x0000000085d00000|100%| O|  |TAMS 0x0000000085d00000, 0x0000000085c00000| Untracked 
|  93|0x0000000085d00000, 0x0000000085e00000, 0x0000000085e00000|100%| O|  |TAMS 0x0000000085e00000, 0x0000000085d00000| Untracked 
|  94|0x0000000085e00000, 0x0000000085f00000, 0x0000000085f00000|100%| O|  |TAMS 0x0000000085f00000, 0x0000000085e00000| Untracked 
|  95|0x0000000085f00000, 0x0000000086000000, 0x0000000086000000|100%| O|  |TAMS 0x0000000086000000, 0x0000000085f00000| Untracked 
|  96|0x0000000086000000, 0x0000000086100000, 0x0000000086100000|100%| O|  |TAMS 0x0000000086100000, 0x0000000086000000| Untracked 
|  97|0x0000000086100000, 0x0000000086200000, 0x0000000086200000|100%| O|  |TAMS 0x0000000086200000, 0x0000000086100000| Untracked 
|  98|0x0000000086200000, 0x0000000086236e00, 0x0000000086300000| 21%| O|  |TAMS 0x0000000086236e00, 0x0000000086200000| Untracked 
|  99|0x0000000086300000, 0x0000000086400000, 0x0000000086400000|100%|HS|  |TAMS 0x0000000086300000, 0x0000000086300000| Complete 
| 100|0x0000000086400000, 0x0000000086500000, 0x0000000086500000|100%|HC|  |TAMS 0x0000000086400000, 0x0000000086400000| Complete 
| 101|0x0000000086500000, 0x0000000086600000, 0x0000000086600000|100%|HS|  |TAMS 0x0000000086500000, 0x0000000086500000| Complete 
| 102|0x0000000086600000, 0x0000000086700000, 0x0000000086700000|100%|HC|  |TAMS 0x0000000086600000, 0x0000000086600000| Complete 
| 103|0x0000000086700000, 0x0000000086800000, 0x0000000086800000|100%|HS|  |TAMS 0x0000000086700000, 0x0000000086700000| Complete 
| 104|0x0000000086800000, 0x0000000086900000, 0x0000000086900000|100%|HS|  |TAMS 0x0000000086800000, 0x0000000086800000| Complete 
| 105|0x0000000086900000, 0x0000000086a00000, 0x0000000086a00000|100%|HS|  |TAMS 0x0000000086900000, 0x0000000086900000| Complete 
| 106|0x0000000086a00000, 0x0000000086b00000, 0x0000000086b00000|100%|HC|  |TAMS 0x0000000086a00000, 0x0000000086a00000| Complete 
| 107|0x0000000086b00000, 0x0000000086c00000, 0x0000000086c00000|100%|HS|  |TAMS 0x0000000086b00000, 0x0000000086b00000| Complete 
| 108|0x0000000086c00000, 0x0000000086d00000, 0x0000000086d00000|100%|HC|  |TAMS 0x0000000086c00000, 0x0000000086c00000| Complete 
| 109|0x0000000086d00000, 0x0000000086d00000, 0x0000000086e00000|  0%| F|  |TAMS 0x0000000086d00000, 0x0000000086d00000| Untracked 
| 110|0x0000000086e00000, 0x0000000086e00000, 0x0000000086f00000|  0%| F|  |TAMS 0x0000000086e00000, 0x0000000086e00000| Untracked 
| 111|0x0000000086f00000, 0x0000000086f00000, 0x0000000087000000|  0%| F|  |TAMS 0x0000000086f00000, 0x0000000086f00000| Untracked 
| 112|0x0000000087000000, 0x0000000087000000, 0x0000000087100000|  0%| F|  |TAMS 0x0000000087000000, 0x0000000087000000| Untracked 
| 113|0x0000000087100000, 0x0000000087100000, 0x0000000087200000|  0%| F|  |TAMS 0x0000000087100000, 0x0000000087100000| Untracked 
| 114|0x0000000087200000, 0x0000000087200000, 0x0000000087300000|  0%| F|  |TAMS 0x0000000087200000, 0x0000000087200000| Untracked 
| 115|0x0000000087300000, 0x0000000087300000, 0x0000000087400000|  0%| F|  |TAMS 0x0000000087300000, 0x0000000087300000| Untracked 
| 116|0x0000000087400000, 0x0000000087400000, 0x0000000087500000|  0%| F|  |TAMS 0x0000000087400000, 0x0000000087400000| Untracked 
| 117|0x0000000087500000, 0x0000000087500000, 0x0000000087600000|  0%| F|  |TAMS 0x0000000087500000, 0x0000000087500000| Untracked 
| 118|0x0000000087600000, 0x0000000087600000, 0x0000000087700000|  0%| F|  |TAMS 0x0000000087600000, 0x0000000087600000| Untracked 
| 119|0x0000000087700000, 0x0000000087700000, 0x0000000087800000|  0%| F|  |TAMS 0x0000000087700000, 0x0000000087700000| Untracked 
| 120|0x0000000087800000, 0x0000000087800000, 0x0000000087900000|  0%| F|  |TAMS 0x0000000087800000, 0x0000000087800000| Untracked 
| 121|0x0000000087900000, 0x0000000087900000, 0x0000000087a00000|  0%| F|  |TAMS 0x0000000087900000, 0x0000000087900000| Untracked 
| 122|0x0000000087a00000, 0x0000000087a00000, 0x0000000087b00000|  0%| F|  |TAMS 0x0000000087a00000, 0x0000000087a00000| Untracked 
| 123|0x0000000087b00000, 0x0000000087b00000, 0x0000000087c00000|  0%| F|  |TAMS 0x0000000087b00000, 0x0000000087b00000| Untracked 
| 124|0x0000000087c00000, 0x0000000087c00000, 0x0000000087d00000|  0%| F|  |TAMS 0x0000000087c00000, 0x0000000087c00000| Untracked 
| 125|0x0000000087d00000, 0x0000000087d00000, 0x0000000087e00000|  0%| F|  |TAMS 0x0000000087d00000, 0x0000000087d00000| Untracked 
| 126|0x0000000087e00000, 0x0000000087e00000, 0x0000000087f00000|  0%| F|  |TAMS 0x0000000087e00000, 0x0000000087e00000| Untracked 
| 127|0x0000000087f00000, 0x0000000087f00000, 0x0000000088000000|  0%| F|  |TAMS 0x0000000087f00000, 0x0000000087f00000| Untracked 
| 128|0x0000000088000000, 0x0000000088000000, 0x0000000088100000|  0%| F|  |TAMS 0x0000000088000000, 0x0000000088000000| Untracked 
| 129|0x0000000088100000, 0x0000000088100000, 0x0000000088200000|  0%| F|  |TAMS 0x0000000088100000, 0x0000000088100000| Untracked 
| 130|0x0000000088200000, 0x0000000088200000, 0x0000000088300000|  0%| F|  |TAMS 0x0000000088200000, 0x0000000088200000| Untracked 
| 131|0x0000000088300000, 0x0000000088300000, 0x0000000088400000|  0%| F|  |TAMS 0x0000000088300000, 0x0000000088300000| Untracked 
| 132|0x0000000088400000, 0x0000000088400000, 0x0000000088500000|  0%| F|  |TAMS 0x0000000088400000, 0x0000000088400000| Untracked 
| 133|0x0000000088500000, 0x0000000088500000, 0x0000000088600000|  0%| F|  |TAMS 0x0000000088500000, 0x0000000088500000| Untracked 
| 134|0x0000000088600000, 0x0000000088600000, 0x0000000088700000|  0%| F|  |TAMS 0x0000000088600000, 0x0000000088600000| Untracked 
| 135|0x0000000088700000, 0x0000000088700000, 0x0000000088800000|  0%| F|  |TAMS 0x0000000088700000, 0x0000000088700000| Untracked 
| 136|0x0000000088800000, 0x0000000088800000, 0x0000000088900000|  0%| F|  |TAMS 0x0000000088800000, 0x0000000088800000| Untracked 
| 137|0x0000000088900000, 0x0000000088900000, 0x0000000088a00000|  0%| F|  |TAMS 0x0000000088900000, 0x0000000088900000| Untracked 
| 138|0x0000000088a00000, 0x0000000088a00000, 0x0000000088b00000|  0%| F|  |TAMS 0x0000000088a00000, 0x0000000088a00000| Untracked 
| 139|0x0000000088b00000, 0x0000000088b00000, 0x0000000088c00000|  0%| F|  |TAMS 0x0000000088b00000, 0x0000000088b00000| Untracked 
| 140|0x0000000088c00000, 0x0000000088ce67f0, 0x0000000088d00000| 90%| E|  |TAMS 0x0000000088c00000, 0x0000000088c00000| Complete 
| 141|0x0000000088d00000, 0x0000000088e00000, 0x0000000088e00000|100%| E|CS|TAMS 0x0000000088d00000, 0x0000000088d00000| Complete 
| 142|0x0000000088e00000, 0x0000000088f00000, 0x0000000088f00000|100%| E|CS|TAMS 0x0000000088e00000, 0x0000000088e00000| Complete 
| 143|0x0000000088f00000, 0x0000000089000000, 0x0000000089000000|100%| E|CS|TAMS 0x0000000088f00000, 0x0000000088f00000| Complete 
| 144|0x0000000089000000, 0x0000000089100000, 0x0000000089100000|100%| E|CS|TAMS 0x0000000089000000, 0x0000000089000000| Complete 
| 145|0x0000000089100000, 0x0000000089200000, 0x0000000089200000|100%| E|CS|TAMS 0x0000000089100000, 0x0000000089100000| Complete 
| 146|0x0000000089200000, 0x0000000089300000, 0x0000000089300000|100%| E|CS|TAMS 0x0000000089200000, 0x0000000089200000| Complete 
| 147|0x0000000089300000, 0x0000000089400000, 0x0000000089400000|100%| E|  |TAMS 0x0000000089300000, 0x0000000089300000| Complete 
| 148|0x0000000089400000, 0x0000000089500000, 0x0000000089500000|100%| E|CS|TAMS 0x0000000089400000, 0x0000000089400000| Complete 
| 149|0x0000000089500000, 0x0000000089600000, 0x0000000089600000|100%| E|CS|TAMS 0x0000000089500000, 0x0000000089500000| Complete 
| 150|0x0000000089600000, 0x0000000089700000, 0x0000000089700000|100%| E|CS|TAMS 0x0000000089600000, 0x0000000089600000| Complete 
| 151|0x0000000089700000, 0x0000000089800000, 0x0000000089800000|100%| E|CS|TAMS 0x0000000089700000, 0x0000000089700000| Complete 
| 152|0x0000000089800000, 0x0000000089900000, 0x0000000089900000|100%| E|CS|TAMS 0x0000000089800000, 0x0000000089800000| Complete 
| 153|0x0000000089900000, 0x0000000089a00000, 0x0000000089a00000|100%| E|CS|TAMS 0x0000000089900000, 0x0000000089900000| Complete 
| 154|0x0000000089a00000, 0x0000000089b00000, 0x0000000089b00000|100%| E|CS|TAMS 0x0000000089a00000, 0x0000000089a00000| Complete 
| 155|0x0000000089b00000, 0x0000000089c00000, 0x0000000089c00000|100%| E|CS|TAMS 0x0000000089b00000, 0x0000000089b00000| Complete 
| 156|0x0000000089c00000, 0x0000000089d00000, 0x0000000089d00000|100%| E|CS|TAMS 0x0000000089c00000, 0x0000000089c00000| Complete 
| 157|0x0000000089d00000, 0x0000000089e00000, 0x0000000089e00000|100%| E|CS|TAMS 0x0000000089d00000, 0x0000000089d00000| Complete 
| 158|0x0000000089e00000, 0x0000000089f00000, 0x0000000089f00000|100%| E|CS|TAMS 0x0000000089e00000, 0x0000000089e00000| Complete 
| 159|0x0000000089f00000, 0x000000008a000000, 0x000000008a000000|100%| E|CS|TAMS 0x0000000089f00000, 0x0000000089f00000| Complete 
| 160|0x000000008a000000, 0x000000008a100000, 0x000000008a100000|100%| E|CS|TAMS 0x000000008a000000, 0x000000008a000000| Complete 
| 161|0x000000008a100000, 0x000000008a200000, 0x000000008a200000|100%| E|CS|TAMS 0x000000008a100000, 0x000000008a100000| Complete 
| 162|0x000000008a200000, 0x000000008a300000, 0x000000008a300000|100%| E|CS|TAMS 0x000000008a200000, 0x000000008a200000| Complete 
| 163|0x000000008a300000, 0x000000008a400000, 0x000000008a400000|100%| E|CS|TAMS 0x000000008a300000, 0x000000008a300000| Complete 
| 164|0x000000008a400000, 0x000000008a500000, 0x000000008a500000|100%| E|CS|TAMS 0x000000008a400000, 0x000000008a400000| Complete 
| 165|0x000000008a500000, 0x000000008a600000, 0x000000008a600000|100%| E|CS|TAMS 0x000000008a500000, 0x000000008a500000| Complete 
| 166|0x000000008a600000, 0x000000008a700000, 0x000000008a700000|100%| E|CS|TAMS 0x000000008a600000, 0x000000008a600000| Complete 
| 167|0x000000008a700000, 0x000000008a800000, 0x000000008a800000|100%| E|CS|TAMS 0x000000008a700000, 0x000000008a700000| Complete 
| 168|0x000000008a800000, 0x000000008a900000, 0x000000008a900000|100%| E|CS|TAMS 0x000000008a800000, 0x000000008a800000| Complete 
| 169|0x000000008a900000, 0x000000008aa00000, 0x000000008aa00000|100%| E|CS|TAMS 0x000000008a900000, 0x000000008a900000| Complete 
| 170|0x000000008aa00000, 0x000000008ab00000, 0x000000008ab00000|100%| E|CS|TAMS 0x000000008aa00000, 0x000000008aa00000| Complete 
| 171|0x000000008ab00000, 0x000000008ac00000, 0x000000008ac00000|100%| E|CS|TAMS 0x000000008ab00000, 0x000000008ab00000| Complete 
| 172|0x000000008ac00000, 0x000000008ad00000, 0x000000008ad00000|100%| E|CS|TAMS 0x000000008ac00000, 0x000000008ac00000| Complete 
| 173|0x000000008ad00000, 0x000000008ae00000, 0x000000008ae00000|100%| E|CS|TAMS 0x000000008ad00000, 0x000000008ad00000| Complete 
| 174|0x000000008ae00000, 0x000000008af00000, 0x000000008af00000|100%| E|CS|TAMS 0x000000008ae00000, 0x000000008ae00000| Complete 
| 175|0x000000008af00000, 0x000000008b000000, 0x000000008b000000|100%| E|CS|TAMS 0x000000008af00000, 0x000000008af00000| Complete 
| 176|0x000000008b000000, 0x000000008b100000, 0x000000008b100000|100%| E|CS|TAMS 0x000000008b000000, 0x000000008b000000| Complete 
| 177|0x000000008b100000, 0x000000008b200000, 0x000000008b200000|100%| E|CS|TAMS 0x000000008b100000, 0x000000008b100000| Complete 
| 178|0x000000008b200000, 0x000000008b300000, 0x000000008b300000|100%| E|CS|TAMS 0x000000008b200000, 0x000000008b200000| Complete 
| 179|0x000000008b300000, 0x000000008b400000, 0x000000008b400000|100%| E|CS|TAMS 0x000000008b300000, 0x000000008b300000| Complete 
| 180|0x000000008b400000, 0x000000008b500000, 0x000000008b500000|100%| E|CS|TAMS 0x000000008b400000, 0x000000008b400000| Complete 
| 181|0x000000008b500000, 0x000000008b600000, 0x000000008b600000|100%| E|CS|TAMS 0x000000008b500000, 0x000000008b500000| Complete 
| 182|0x000000008b600000, 0x000000008b700000, 0x000000008b700000|100%| E|CS|TAMS 0x000000008b600000, 0x000000008b600000| Complete 
| 183|0x000000008b700000, 0x000000008b800000, 0x000000008b800000|100%| E|CS|TAMS 0x000000008b700000, 0x000000008b700000| Complete 
| 184|0x000000008b800000, 0x000000008b900000, 0x000000008b900000|100%| E|CS|TAMS 0x000000008b800000, 0x000000008b800000| Complete 
| 185|0x000000008b900000, 0x000000008ba00000, 0x000000008ba00000|100%| E|CS|TAMS 0x000000008b900000, 0x000000008b900000| Complete 
| 186|0x000000008ba00000, 0x000000008bb00000, 0x000000008bb00000|100%| E|CS|TAMS 0x000000008ba00000, 0x000000008ba00000| Complete 
| 187|0x000000008bb00000, 0x000000008bc00000, 0x000000008bc00000|100%| E|CS|TAMS 0x000000008bb00000, 0x000000008bb00000| Complete 
| 188|0x000000008bc00000, 0x000000008bd00000, 0x000000008bd00000|100%| E|CS|TAMS 0x000000008bc00000, 0x000000008bc00000| Complete 
| 189|0x000000008bd00000, 0x000000008be00000, 0x000000008be00000|100%| E|CS|TAMS 0x000000008bd00000, 0x000000008bd00000| Complete 
| 190|0x000000008be00000, 0x000000008bf00000, 0x000000008bf00000|100%| E|CS|TAMS 0x000000008be00000, 0x000000008be00000| Complete 
| 191|0x000000008bf00000, 0x000000008c000000, 0x000000008c000000|100%| E|CS|TAMS 0x000000008bf00000, 0x000000008bf00000| Complete 
| 192|0x000000008c000000, 0x000000008c100000, 0x000000008c100000|100%| E|CS|TAMS 0x000000008c000000, 0x000000008c000000| Complete 
| 193|0x000000008c100000, 0x000000008c200000, 0x000000008c200000|100%| E|CS|TAMS 0x000000008c100000, 0x000000008c100000| Complete 
| 194|0x000000008c200000, 0x000000008c300000, 0x000000008c300000|100%| E|CS|TAMS 0x000000008c200000, 0x000000008c200000| Complete 
| 195|0x000000008c300000, 0x000000008c400000, 0x000000008c400000|100%| E|CS|TAMS 0x000000008c300000, 0x000000008c300000| Complete 
| 196|0x000000008c400000, 0x000000008c500000, 0x000000008c500000|100%| E|CS|TAMS 0x000000008c400000, 0x000000008c400000| Complete 
| 197|0x000000008c500000, 0x000000008c600000, 0x000000008c600000|100%| E|CS|TAMS 0x000000008c500000, 0x000000008c500000| Complete 
| 198|0x000000008c600000, 0x000000008c700000, 0x000000008c700000|100%| E|CS|TAMS 0x000000008c600000, 0x000000008c600000| Complete 
| 199|0x000000008c700000, 0x000000008c800000, 0x000000008c800000|100%| E|CS|TAMS 0x000000008c700000, 0x000000008c700000| Complete 
| 200|0x000000008c800000, 0x000000008c865aa0, 0x000000008c900000| 39%| S|CS|TAMS 0x000000008c800000, 0x000000008c800000| Complete 
| 201|0x000000008c900000, 0x000000008ca00000, 0x000000008ca00000|100%| E|CS|TAMS 0x000000008c900000, 0x000000008c900000| Complete 
| 202|0x000000008ca00000, 0x000000008cb00000, 0x000000008cb00000|100%| E|CS|TAMS 0x000000008ca00000, 0x000000008ca00000| Complete 
| 203|0x000000008cb00000, 0x000000008cc00000, 0x000000008cc00000|100%| E|CS|TAMS 0x000000008cb00000, 0x000000008cb00000| Complete 
| 204|0x000000008cc00000, 0x000000008cd00000, 0x000000008cd00000|100%| E|CS|TAMS 0x000000008cc00000, 0x000000008cc00000| Complete 
| 205|0x000000008cd00000, 0x000000008ce00000, 0x000000008ce00000|100%| E|CS|TAMS 0x000000008cd00000, 0x000000008cd00000| Complete 
| 206|0x000000008ce00000, 0x000000008cf00000, 0x000000008cf00000|100%| E|CS|TAMS 0x000000008ce00000, 0x000000008ce00000| Complete 

Card table byte_map: [0x00000284ad700000,0x00000284adb00000] _byte_map_base: 0x00000284ad300000

Marking Bits (Prev, Next): (CMBitMap*) 0x00000284992a9870, (CMBitMap*) 0x00000284992a9830
 Prev Bits: [0x00000284aff00000, 0x00000284b1f00000)
 Next Bits: [0x00000284adf00000, 0x00000284aff00000)

Polling page: 0x0000028498fa0000

Metaspace:

Usage:
  Non-class:     89.68 MB used.
      Class:     14.19 MB used.
       Both:    103.87 MB used.

Virtual space:
  Non-class space:      128.00 MB reserved,      90.06 MB ( 70%) committed,  2 nodes.
      Class space:        1.00 GB reserved,      14.56 MB (  1%) committed,  1 nodes.
             Both:        1.12 GB reserved,     104.62 MB (  9%) committed. 

Chunk freelists:
   Non-Class:  5.79 MB
       Class:  1.42 MB
        Both:  7.21 MB

MaxMetaspaceSize: unlimited
CompressedClassSpaceSize: 1.00 GB
Initial GC threshold: 21.00 MB
Current GC threshold: 172.00 MB
CDS: off
MetaspaceReclaimPolicy: balanced
 - commit_granule_bytes: 65536.
 - commit_granule_words: 8192.
 - virtual_space_node_default_size: 8388608.
 - enlarge_chunks_in_place: 1.
 - new_chunks_are_fully_committed: 0.
 - uncommit_free_chunks: 1.
 - use_allocation_guard: 0.
 - handle_deallocations: 1.


Internal statistics:

num_allocs_failed_limit: 9.
num_arena_births: 1156.
num_arena_deaths: 0.
num_vsnodes_births: 3.
num_vsnodes_deaths: 0.
num_space_committed: 1673.
num_space_uncommitted: 0.
num_chunks_returned_to_freelist: 9.
num_chunks_taken_from_freelist: 5181.
num_chunk_merges: 9.
num_chunk_splits: 3416.
num_chunks_enlarged: 2284.
num_inconsistent_stats: 0.

CodeHeap 'non-profiled nmethods': size=120000Kb used=7616Kb max_used=7616Kb free=112384Kb
 bounds [0x00000284a57b0000, 0x00000284a5f20000, 0x00000284acce0000]
CodeHeap 'profiled nmethods': size=120000Kb used=21695Kb max_used=21695Kb free=98304Kb
 bounds [0x000002849dce0000, 0x000002849f210000, 0x00000284a5210000]
CodeHeap 'non-nmethods': size=5760Kb used=1722Kb max_used=1794Kb free=4037Kb
 bounds [0x00000284a5210000, 0x00000284a5480000, 0x00000284a57b0000]
 total_blobs=11855 nmethods=11048 adapters=719
 compilation: enabled
              stopped_count=0, restarted_count=0
 full_count=0

Compilation events (20 events):
Event: 32.372 Thread 0x00000284b472d910 nmethod 12535 0x000002849f205710 code [0x000002849f205960, 0x000002849f206388]
Event: 32.374 Thread 0x00000284b472d910 12536       3       com.sun.org.apache.xerces.internal.impl.XMLVersionDetector::reset (72 bytes)
Event: 32.375 Thread 0x00000284b472d910 nmethod 12536 0x000002849f206690 code [0x000002849f2068a0, 0x000002849f207128]
Event: 32.375 Thread 0x00000284b472d910 12537   !   3       com.sun.org.apache.xerces.internal.impl.XMLVersionDetector::determineDocVersion (367 bytes)
Event: 32.376 Thread 0x00000284b472d910 nmethod 12537 0x000002849f207390 code [0x000002849f207740, 0x000002849f208768]
Event: 32.379 Thread 0x00000284b472d910 12538       3       com.sun.org.apache.xerces.internal.impl.XMLEntityScanner::skipString (107 bytes)
Event: 32.380 Thread 0x00000284b472d910 nmethod 12538 0x000002849f209290 code [0x000002849f209460, 0x000002849f209818]
Event: 32.392 Thread 0x00000284b472d910 12540  s    3       com.sun.org.apache.xerces.internal.jaxp.SAXParserImpl$JAXPSAXParser::setProperty (445 bytes)
Event: 32.646 Thread 0x00000284b472d910 nmethod 12540 0x000002849f209990 code [0x000002849f209e60, 0x000002849f20c3b8]
Event: 32.646 Thread 0x00000284ba6a29a0 12539       4       com.sun.org.apache.xerces.internal.impl.XMLNSDocumentScannerImpl::scanAttribute (834 bytes)
Event: 32.659 Thread 0x00000284b472d910 12542       3       java.lang.Thread::getContextClassLoader (32 bytes)
Event: 32.660 Thread 0x00000284b472d910 nmethod 12542 0x000002849f20ce90 code [0x000002849f20d0c0, 0x000002849f20da78]
Event: 32.663 Thread 0x00000284b472d910 12543       3       org.gradle.internal.classpath.Instrumented$1::directoryContentObserved (1 bytes)
Event: 32.663 Thread 0x00000284b472d910 nmethod 12543 0x000002849f20dd90 code [0x000002849f20df20, 0x000002849f20e038]
Event: 32.681 Thread 0x00000284ba6a29a0 nmethod 12539 0x00000284a5f10210 code [0x00000284a5f104c0, 0x00000284a5f11d70]
Event: 32.681 Thread 0x00000284ba6a29a0 12515   !   4       com.sun.org.apache.xerces.internal.parsers.XML11Configuration::setProperty (160 bytes)
Event: 32.685 Thread 0x00000284b472d910 12544   !   3       com.android.utils.PositionXmlParser::readAllBytes (87 bytes)
Event: 32.686 Thread 0x00000284b472d910 nmethod 12544 0x000002849f20e110 code [0x000002849f20e360, 0x000002849f20ee18]
Event: 32.760 Thread 0x00000284b459e040 nmethod 12512 0x00000284a5f12e90 code [0x00000284a5f13200, 0x00000284a5f16c58]
Event: 32.760 Thread 0x00000284b459e040 12545       4       com.sun.org.apache.xerces.internal.impl.XMLNSDocumentScannerImpl::scanStartElement (1031 bytes)

GC Heap History (20 events):
Event: 16.606 GC heap before
{Heap before GC invocations=32 (full 0):
 garbage-first heap   total 211968K, used 142354K [0x0000000080000000, 0x0000000100000000)
  region size 1024K, 76 young (77824K), 2 survivors (2048K)
 Metaspace       used 68049K, committed 68672K, reserved 1114112K
  class space    used 9165K, committed 9472K, reserved 1048576K
}
Event: 16.616 GC heap after
{Heap after GC invocations=33 (full 0):
 garbage-first heap   total 211968K, used 70952K [0x0000000080000000, 0x0000000100000000)
  region size 1024K, 8 young (8192K), 8 survivors (8192K)
 Metaspace       used 68049K, committed 68672K, reserved 1114112K
  class space    used 9165K, committed 9472K, reserved 1048576K
}
Event: 18.802 GC heap before
{Heap before GC invocations=33 (full 0):
 garbage-first heap   total 211968K, used 162088K [0x0000000080000000, 0x0000000100000000)
  region size 1024K, 94 young (96256K), 8 survivors (8192K)
 Metaspace       used 75195K, committed 75840K, reserved 1179648K
  class space    used 10138K, committed 10432K, reserved 1048576K
}
Event: 18.816 GC heap after
{Heap after GC invocations=34 (full 0):
 garbage-first heap   total 211968K, used 74878K [0x0000000080000000, 0x0000000100000000)
  region size 1024K, 6 young (6144K), 6 survivors (6144K)
 Metaspace       used 75195K, committed 75840K, reserved 1179648K
  class space    used 10138K, committed 10432K, reserved 1048576K
}
Event: 20.200 GC heap before
{Heap before GC invocations=34 (full 0):
 garbage-first heap   total 211968K, used 158846K [0x0000000080000000, 0x0000000100000000)
  region size 1024K, 89 young (91136K), 6 survivors (6144K)
 Metaspace       used 81569K, committed 82240K, reserved 1179648K
  class space    used 10986K, committed 11328K, reserved 1048576K
}
Event: 20.208 GC heap after
{Heap after GC invocations=35 (full 0):
 garbage-first heap   total 211968K, used 79471K [0x0000000080000000, 0x0000000100000000)
  region size 1024K, 11 young (11264K), 11 survivors (11264K)
 Metaspace       used 81569K, committed 82240K, reserved 1179648K
  class space    used 10986K, committed 11328K, reserved 1048576K
}
Event: 21.429 GC heap before
{Heap before GC invocations=35 (full 0):
 garbage-first heap   total 211968K, used 165487K [0x0000000080000000, 0x0000000100000000)
  region size 1024K, 94 young (96256K), 11 survivors (11264K)
 Metaspace       used 87619K, committed 88320K, reserved 1179648K
  class space    used 12023K, committed 12352K, reserved 1048576K
}
Event: 21.440 GC heap after
{Heap after GC invocations=36 (full 0):
 garbage-first heap   total 211968K, used 82390K [0x0000000080000000, 0x0000000100000000)
  region size 1024K, 8 young (8192K), 8 survivors (8192K)
 Metaspace       used 87619K, committed 88320K, reserved 1179648K
  class space    used 12023K, committed 12352K, reserved 1048576K
}
Event: 23.047 GC heap before
{Heap before GC invocations=36 (full 0):
 garbage-first heap   total 211968K, used 168406K [0x0000000080000000, 0x0000000100000000)
  region size 1024K, 92 young (94208K), 8 survivors (8192K)
 Metaspace       used 93901K, committed 94592K, reserved 1179648K
  class space    used 12946K, committed 13248K, reserved 1048576K
}
Event: 23.060 GC heap after
{Heap after GC invocations=37 (full 0):
 garbage-first heap   total 211968K, used 86413K [0x0000000080000000, 0x0000000100000000)
  region size 1024K, 7 young (7168K), 7 survivors (7168K)
 Metaspace       used 93901K, committed 94592K, reserved 1179648K
  class space    used 12946K, committed 13248K, reserved 1048576K
}
Event: 24.656 GC heap before
{Heap before GC invocations=37 (full 0):
 garbage-first heap   total 211968K, used 170381K [0x0000000080000000, 0x0000000100000000)
  region size 1024K, 90 young (92160K), 7 survivors (7168K)
 Metaspace       used 100542K, committed 101312K, reserved 1179648K
  class space    used 13851K, committed 14208K, reserved 1048576K
}
Event: 24.672 GC heap after
{Heap after GC invocations=38 (full 0):
 garbage-first heap   total 211968K, used 92663K [0x0000000080000000, 0x0000000100000000)
  region size 1024K, 10 young (10240K), 10 survivors (10240K)
 Metaspace       used 100542K, committed 101312K, reserved 1179648K
  class space    used 13851K, committed 14208K, reserved 1048576K
}
Event: 25.048 GC heap before
{Heap before GC invocations=38 (full 0):
 garbage-first heap   total 211968K, used 106999K [0x0000000080000000, 0x0000000100000000)
  region size 1024K, 21 young (21504K), 10 survivors (10240K)
 Metaspace       used 101644K, committed 102336K, reserved 1179648K
  class space    used 13903K, committed 14272K, reserved 1048576K
}
Event: 25.062 GC heap after
{Heap after GC invocations=39 (full 0):
 garbage-first heap   total 211968K, used 95831K [0x0000000080000000, 0x0000000100000000)
  region size 1024K, 8 young (8192K), 8 survivors (8192K)
 Metaspace       used 101644K, committed 102336K, reserved 1179648K
  class space    used 13903K, committed 14272K, reserved 1048576K
}
Event: 26.859 GC heap before
{Heap before GC invocations=40 (full 0):
 garbage-first heap   total 211968K, used 164439K [0x0000000080000000, 0x0000000100000000)
  region size 1024K, 76 young (77824K), 8 survivors (8192K)
 Metaspace       used 104208K, committed 104960K, reserved 1179648K
  class space    used 14322K, committed 14656K, reserved 1048576K
}
Event: 26.878 GC heap after
{Heap after GC invocations=41 (full 0):
 garbage-first heap   total 211968K, used 100700K [0x0000000080000000, 0x0000000100000000)
  region size 1024K, 9 young (9216K), 9 survivors (9216K)
 Metaspace       used 104208K, committed 104960K, reserved 1179648K
  class space    used 14322K, committed 14656K, reserved 1048576K
}
Event: 26.913 GC heap before
{Heap before GC invocations=41 (full 0):
 garbage-first heap   total 211968K, used 100700K [0x0000000080000000, 0x0000000100000000)
  region size 1024K, 10 young (10240K), 9 survivors (9216K)
 Metaspace       used 104208K, committed 104960K, reserved 1179648K
  class space    used 14322K, committed 14656K, reserved 1048576K
}
Event: 26.927 GC heap after
{Heap after GC invocations=42 (full 0):
 garbage-first heap   total 211968K, used 100409K [0x0000000080000000, 0x0000000100000000)
  region size 1024K, 1 young (1024K), 1 survivors (1024K)
 Metaspace       used 104208K, committed 104960K, reserved 1179648K
  class space    used 14322K, committed 14656K, reserved 1048576K
}
Event: 28.287 GC heap before
{Heap before GC invocations=42 (full 0):
 garbage-first heap   total 211968K, used 104505K [0x0000000080000000, 0x0000000100000000)
  region size 1024K, 6 young (6144K), 1 survivors (1024K)
 Metaspace       used 104479K, committed 105216K, reserved 1179648K
  class space    used 14362K, committed 14720K, reserved 1048576K
}
Event: 28.289 GC heap after
{Heap after GC invocations=43 (full 0):
 garbage-first heap   total 211968K, used 99791K [0x0000000080000000, 0x0000000100000000)
  region size 1024K, 1 young (1024K), 1 survivors (1024K)
 Metaspace       used 104479K, committed 105216K, reserved 1179648K
  class space    used 14362K, committed 14720K, reserved 1048576K
}

Dll operation events (3 events):
Event: 0.008 Loaded shared library C:\Program Files\Android\Android Studio\jbr\bin\java.dll
Event: 0.149 Loaded shared library C:\Program Files\Android\Android Studio\jbr\bin\zip.dll
Event: 0.436 Loaded shared library C:\Program Files\Android\Android Studio\jbr\bin\verify.dll

Deoptimization events (20 events):
Event: 32.702 Thread 0x00000284be371410 Uncommon trap: trap_request=0xffffffbe fr.pc=0x00000284a5eb44e0 relative=0x0000000000000500
Event: 32.768 Thread 0x00000284be371410 Uncommon trap: reason=profile_predicate action=maybe_recompile pc=0x00000284a5eb44e0 method=com.sun.org.apache.xerces.internal.dom.NamedNodeMapImpl.findNamePoint(Ljava/lang/String;Ljava/lang/String;)I @ 31 c2
Event: 32.768 Thread 0x00000284be371410 DEOPT PACKING pc=0x00000284a5eb44e0 sp=0x000000e0710f8780
Event: 32.768 Thread 0x00000284be371410 DEOPT UNPACKING pc=0x00000284a526a1a3 sp=0x000000e0710f8740 mode 2
Event: 32.768 Thread 0x00000284be371410 Uncommon trap: trap_request=0xffffffbe fr.pc=0x00000284a5eb44e0 relative=0x0000000000000500
Event: 32.768 Thread 0x00000284be371410 Uncommon trap: reason=profile_predicate action=maybe_recompile pc=0x00000284a5eb44e0 method=com.sun.org.apache.xerces.internal.dom.NamedNodeMapImpl.findNamePoint(Ljava/lang/String;Ljava/lang/String;)I @ 31 c2
Event: 32.768 Thread 0x00000284be371410 DEOPT PACKING pc=0x00000284a5eb44e0 sp=0x000000e0710f8780
Event: 32.768 Thread 0x00000284be371410 DEOPT UNPACKING pc=0x00000284a526a1a3 sp=0x000000e0710f8740 mode 2
Event: 32.780 Thread 0x00000284be371410 Uncommon trap: trap_request=0xffffffbe fr.pc=0x00000284a5eb44e0 relative=0x0000000000000500
Event: 32.780 Thread 0x00000284be371410 Uncommon trap: reason=profile_predicate action=maybe_recompile pc=0x00000284a5eb44e0 method=com.sun.org.apache.xerces.internal.dom.NamedNodeMapImpl.findNamePoint(Ljava/lang/String;Ljava/lang/String;)I @ 31 c2
Event: 32.780 Thread 0x00000284be371410 DEOPT PACKING pc=0x00000284a5eb44e0 sp=0x000000e0710f8780
Event: 32.780 Thread 0x00000284be371410 DEOPT UNPACKING pc=0x00000284a526a1a3 sp=0x000000e0710f8740 mode 2
Event: 32.781 Thread 0x00000284be371410 Uncommon trap: trap_request=0xffffff45 fr.pc=0x00000284a5e060f8 relative=0x0000000000000518
Event: 32.781 Thread 0x00000284be371410 Uncommon trap: reason=unstable_if action=reinterpret pc=0x00000284a5e060f8 method=com.sun.org.apache.xerces.internal.utils.XMLLimitAnalyzer.addValue(ILjava/lang/String;I)V @ 102 c2
Event: 32.781 Thread 0x00000284be371410 DEOPT PACKING pc=0x00000284a5e060f8 sp=0x000000e0710f87d0
Event: 32.781 Thread 0x00000284be371410 DEOPT UNPACKING pc=0x00000284a526a1a3 sp=0x000000e0710f8790 mode 2
Event: 32.781 Thread 0x00000284be371410 Uncommon trap: trap_request=0xffffff45 fr.pc=0x00000284a5e1b024 relative=0x0000000000001d44
Event: 32.781 Thread 0x00000284be371410 Uncommon trap: reason=unstable_if action=reinterpret pc=0x00000284a5e1b024 method=com.sun.org.apache.xerces.internal.impl.XMLScanner.scanAttributeValue(Lcom/sun/org/apache/xerces/internal/xni/XMLString;Lcom/sun/org/apache/xerces/internal/xni/XMLString;Lja
Event: 32.781 Thread 0x00000284be371410 DEOPT PACKING pc=0x00000284a5e1b024 sp=0x000000e0710f8950
Event: 32.782 Thread 0x00000284be371410 DEOPT UNPACKING pc=0x00000284a526a1a3 sp=0x000000e0710f88e8 mode 2

Classes unloaded (0 events):
No events

Classes redefined (0 events):
No events

Internal exceptions (20 events):
Event: 30.222 Thread 0x00000284be371410 Exception <a 'sun/nio/fs/WindowsException'{0x000000008ae415b0}> (0x000000008ae415b0) 
thrown [s\src\hotspot\share\prims\jni.cpp, line 517]
Event: 30.224 Thread 0x00000284be371410 Exception <a 'sun/nio/fs/WindowsException'{0x000000008ae43db8}> (0x000000008ae43db8) 
thrown [s\src\hotspot\share\prims\jni.cpp, line 517]
Event: 30.224 Thread 0x00000284be371410 Exception <a 'sun/nio/fs/WindowsException'{0x000000008ae44298}> (0x000000008ae44298) 
thrown [s\src\hotspot\share\prims\jni.cpp, line 517]
Event: 30.224 Thread 0x00000284be371410 Exception <a 'sun/nio/fs/WindowsException'{0x000000008ae46aa0}> (0x000000008ae46aa0) 
thrown [s\src\hotspot\share\prims\jni.cpp, line 517]
Event: 30.224 Thread 0x00000284be371410 Exception <a 'sun/nio/fs/WindowsException'{0x000000008ae46f70}> (0x000000008ae46f70) 
thrown [s\src\hotspot\share\prims\jni.cpp, line 517]
Event: 30.225 Thread 0x00000284be371410 Exception <a 'sun/nio/fs/WindowsException'{0x000000008ae49778}> (0x000000008ae49778) 
thrown [s\src\hotspot\share\prims\jni.cpp, line 517]
Event: 30.225 Thread 0x00000284be371410 Exception <a 'sun/nio/fs/WindowsException'{0x000000008ae49c48}> (0x000000008ae49c48) 
thrown [s\src\hotspot\share\prims\jni.cpp, line 517]
Event: 30.226 Thread 0x00000284be371410 Exception <a 'sun/nio/fs/WindowsException'{0x000000008ae4c450}> (0x000000008ae4c450) 
thrown [s\src\hotspot\share\prims\jni.cpp, line 517]
Event: 30.226 Thread 0x00000284be371410 Exception <a 'sun/nio/fs/WindowsException'{0x000000008ae4c920}> (0x000000008ae4c920) 
thrown [s\src\hotspot\share\prims\jni.cpp, line 517]
Event: 30.230 Thread 0x00000284be371410 Exception <a 'sun/nio/fs/WindowsException'{0x000000008ae57cf0}> (0x000000008ae57cf0) 
thrown [s\src\hotspot\share\prims\jni.cpp, line 517]
Event: 30.230 Thread 0x00000284be371410 Exception <a 'sun/nio/fs/WindowsException'{0x000000008ae581a0}> (0x000000008ae581a0) 
thrown [s\src\hotspot\share\prims\jni.cpp, line 517]
Event: 30.234 Thread 0x00000284be371410 Exception <a 'sun/nio/fs/WindowsException'{0x000000008ae5a978}> (0x000000008ae5a978) 
thrown [s\src\hotspot\share\prims\jni.cpp, line 517]
Event: 30.234 Thread 0x00000284be371410 Exception <a 'sun/nio/fs/WindowsException'{0x000000008ae5ae18}> (0x000000008ae5ae18) 
thrown [s\src\hotspot\share\prims\jni.cpp, line 517]
Event: 30.235 Thread 0x00000284be371410 Exception <a 'sun/nio/fs/WindowsException'{0x000000008ae5d0e0}> (0x000000008ae5d0e0) 
thrown [s\src\hotspot\share\prims\jni.cpp, line 517]
Event: 30.235 Thread 0x00000284be371410 Exception <a 'sun/nio/fs/WindowsException'{0x000000008ae5d530}> (0x000000008ae5d530) 
thrown [s\src\hotspot\share\prims\jni.cpp, line 517]
Event: 30.236 Thread 0x00000284be371410 Exception <a 'sun/nio/fs/WindowsException'{0x000000008ae60a58}> (0x000000008ae60a58) 
thrown [s\src\hotspot\share\prims\jni.cpp, line 517]
Event: 30.236 Thread 0x00000284be371410 Exception <a 'sun/nio/fs/WindowsException'{0x000000008ae60f38}> (0x000000008ae60f38) 
thrown [s\src\hotspot\share\prims\jni.cpp, line 517]
Event: 30.237 Thread 0x00000284be371410 Exception <a 'sun/nio/fs/WindowsException'{0x000000008ae63160}> (0x000000008ae63160) 
thrown [s\src\hotspot\share\prims\jni.cpp, line 517]
Event: 30.237 Thread 0x00000284be371410 Exception <a 'sun/nio/fs/WindowsException'{0x000000008ae635b0}> (0x000000008ae635b0) 
thrown [s\src\hotspot\share\prims\jni.cpp, line 517]
Event: 32.781 Thread 0x00000284be371410 Implicit null exception at 0x00000284a5e05cbf to 0x00000284a5e060ec

VM Operations (20 events):
Event: 28.417 Executing VM operation: G1PauseRemark
Event: 28.422 Executing VM operation: G1PauseRemark done
Event: 28.475 Executing VM operation: G1PauseCleanup
Event: 28.492 Executing VM operation: G1PauseCleanup done
Event: 28.757 Executing VM operation: HandshakeAllThreads
Event: 28.758 Executing VM operation: HandshakeAllThreads done
Event: 28.759 Executing VM operation: HandshakeAllThreads
Event: 28.759 Executing VM operation: HandshakeAllThreads done
Event: 29.517 Executing VM operation: HandshakeAllThreads
Event: 29.517 Executing VM operation: HandshakeAllThreads done
Event: 29.517 Executing VM operation: Cleanup
Event: 29.517 Executing VM operation: Cleanup done
Event: 30.275 Executing VM operation: HandshakeAllThreads
Event: 30.275 Executing VM operation: HandshakeAllThreads done
Event: 31.276 Executing VM operation: Cleanup
Event: 31.277 Executing VM operation: Cleanup done
Event: 32.292 Executing VM operation: Cleanup
Event: 32.292 Executing VM operation: Cleanup done
Event: 32.763 Executing VM operation: HandshakeAllThreads
Event: 32.770 Executing VM operation: HandshakeAllThreads done

Events (20 events):
Event: 30.063 loading class java/nio/file/Files$2
Event: 30.063 loading class java/nio/file/Files$2 done
Event: 30.253 loading class org/xml/sax/ext/DefaultHandler2
Event: 30.253 loading class org/xml/sax/ext/LexicalHandler
Event: 30.253 loading class org/xml/sax/ext/LexicalHandler done
Event: 30.253 loading class org/xml/sax/ext/DeclHandler
Event: 30.253 loading class org/xml/sax/ext/DeclHandler done
Event: 30.253 loading class org/xml/sax/ext/DefaultHandler2 done
Event: 30.256 loading class com/sun/org/apache/xerces/internal/dom/ParentNode$UserDataRecord
Event: 30.256 loading class com/sun/org/apache/xerces/internal/dom/ParentNode$UserDataRecord done
Event: 30.257 loading class com/sun/org/apache/xerces/internal/util/EntityResolver2Wrapper
Event: 30.258 loading class com/sun/org/apache/xerces/internal/util/EntityResolver2Wrapper done
Event: 30.274 loading class com/sun/org/apache/xerces/internal/dom/CommentImpl
Event: 30.274 loading class org/w3c/dom/Comment
Event: 30.274 loading class org/w3c/dom/Comment done
Event: 30.274 loading class com/sun/org/apache/xerces/internal/dom/CommentImpl done
Event: 30.276 Thread 0x00000284ba785e70 Thread added: 0x00000284ba785e70
Event: 31.338 Thread 0x00000284ba785e70 Thread exited: 0x00000284ba785e70
Event: 32.646 Thread 0x00000284ba6a29a0 Thread added: 0x00000284ba6a29a0
Event: 32.770 Thread 0x00000284b4788db0 flushing nmethod 0x00000284a587d210


Dynamic libraries:
0x00007ff74eff0000 - 0x00007ff74effa000 	C:\Program Files\Android\Android Studio\jbr\bin\java.exe
0x00007ff9c17a0000 - 0x00007ff9c1a07000 	C:\WINDOWS\SYSTEM32\ntdll.dll
0x00007ff9c1040000 - 0x00007ff9c1109000 	C:\WINDOWS\System32\KERNEL32.DLL
0x00007ff9bf140000 - 0x00007ff9bf531000 	C:\WINDOWS\System32\KERNELBASE.dll
0x00007ff9bee80000 - 0x00007ff9befcb000 	C:\WINDOWS\System32\ucrtbase.dll
0x00007ff967550000 - 0x00007ff96756b000 	C:\Program Files\Android\Android Studio\jbr\bin\VCRUNTIME140.dll
0x00007ff971b90000 - 0x00007ff971ba7000 	C:\Program Files\Android\Android Studio\jbr\bin\jli.dll
0x00007ff9c09c0000 - 0x00007ff9c0b85000 	C:\WINDOWS\System32\USER32.dll
0x00007ff9be080000 - 0x00007ff9be0a7000 	C:\WINDOWS\System32\win32u.dll
0x00007ff9c1280000 - 0x00007ff9c12ab000 	C:\WINDOWS\System32\GDI32.dll
0x00007ff9be140000 - 0x00007ff9be26b000 	C:\WINDOWS\System32\gdi32full.dll
0x00007ff9be270000 - 0x00007ff9be313000 	C:\WINDOWS\System32\msvcp_win.dll
0x00007ff99dfb0000 - 0x00007ff99e243000 	C:\WINDOWS\WinSxS\amd64_microsoft.windows.common-controls_6595b64144ccf1df_6.0.26100.8037_none_3e092faae333b53b\COMCTL32.dll
0x00007ff9c07e0000 - 0x00007ff9c0889000 	C:\WINDOWS\System32\msvcrt.dll
0x00007ff9bffe0000 - 0x00007ff9c0011000 	C:\WINDOWS\System32\IMM32.DLL
0x00007ff99a520000 - 0x00007ff99a52c000 	C:\Program Files\Android\Android Studio\jbr\bin\vcruntime140_1.dll
0x00007ff935390000 - 0x00007ff93541d000 	C:\Program Files\Android\Android Studio\jbr\bin\msvcp140.dll
0x00007ff935bd0000 - 0x00007ff936853000 	C:\Program Files\Android\Android Studio\jbr\bin\server\jvm.dll
0x00007ff9c1110000 - 0x00007ff9c11cb000 	C:\WINDOWS\System32\ADVAPI32.dll
0x00007ff9c0650000 - 0x00007ff9c06f7000 	C:\WINDOWS\System32\sechost.dll
0x00007ff9c13d0000 - 0x00007ff9c14e8000 	C:\WINDOWS\System32\RPCRT4.dll
0x00007ff9bdee0000 - 0x00007ff9bdf3e000 	C:\WINDOWS\SYSTEM32\POWRPROF.dll
0x00007ff98bf10000 - 0x00007ff98bf1a000 	C:\WINDOWS\SYSTEM32\WSOCK32.dll
0x00007ff9c0fc0000 - 0x00007ff9c1034000 	C:\WINDOWS\System32\WS2_32.dll
0x00007ff9bbf30000 - 0x00007ff9bbf65000 	C:\WINDOWS\SYSTEM32\WINMM.dll
0x00007ff9a94d0000 - 0x00007ff9a94db000 	C:\WINDOWS\SYSTEM32\VERSION.dll
0x00007ff9bdec0000 - 0x00007ff9bded4000 	C:\WINDOWS\SYSTEM32\UMPDC.dll
0x00007ff9bce10000 - 0x00007ff9bce2b000 	C:\WINDOWS\SYSTEM32\kernel.appcore.dll
0x00007ff9a7040000 - 0x00007ff9a704a000 	C:\Program Files\Android\Android Studio\jbr\bin\jimage.dll
0x00007ff9bb770000 - 0x00007ff9bb9b2000 	C:\WINDOWS\SYSTEM32\DBGHELP.DLL
0x00007ff9c0b90000 - 0x00007ff9c0f12000 	C:\WINDOWS\System32\combase.dll
0x00007ff9c0700000 - 0x00007ff9c07d7000 	C:\WINDOWS\System32\OLEAUT32.dll
0x00007ff9a21f0000 - 0x00007ff9a222b000 	C:\WINDOWS\SYSTEM32\dbgcore.DLL
0x00007ff9befd0000 - 0x00007ff9bf075000 	C:\WINDOWS\System32\bcryptPrimitives.dll
0x00007ff9a4030000 - 0x00007ff9a403e000 	C:\Program Files\Android\Android Studio\jbr\bin\instrument.dll
0x00007ff98f280000 - 0x00007ff98f2a5000 	C:\Program Files\Android\Android Studio\jbr\bin\java.dll
0x00007ff97d5d0000 - 0x00007ff97d5e8000 	C:\Program Files\Android\Android Studio\jbr\bin\zip.dll
0x00007ff9bf540000 - 0x00007ff9bfc9f000 	C:\WINDOWS\System32\SHELL32.dll
0x00007ff9bed10000 - 0x00007ff9bee7a000 	C:\WINDOWS\System32\wintypes.dll
0x00007ff9be4a0000 - 0x00007ff9bed04000 	C:\WINDOWS\System32\windows.storage.dll
0x00007ff9c12d0000 - 0x00007ff9c13c7000 	C:\WINDOWS\System32\SHCORE.dll
0x00007ff9c0950000 - 0x00007ff9c09b7000 	C:\WINDOWS\System32\shlwapi.dll
0x00007ff9bdfa0000 - 0x00007ff9bdfc9000 	C:\WINDOWS\SYSTEM32\profapi.dll
0x00007ff97b450000 - 0x00007ff97b469000 	C:\Program Files\Android\Android Studio\jbr\bin\net.dll
0x00007ff9b0090000 - 0x00007ff9b01b7000 	C:\WINDOWS\SYSTEM32\WINHTTP.dll
0x00007ff9bd380000 - 0x00007ff9bd3eb000 	C:\WINDOWS\system32\mswsock.dll
0x00007ff97b3b0000 - 0x00007ff97b3c6000 	C:\Program Files\Android\Android Studio\jbr\bin\nio.dll
0x00007ff9a6b30000 - 0x00007ff9a6b40000 	C:\Program Files\Android\Android Studio\jbr\bin\verify.dll
0x00007ff9ba940000 - 0x00007ff9ba967000 	C:\Users\rayal\.gradle\native\c067742578af261105cb4f569cf0c3c89f3d7b1fecec35dd04571415982c5e48\windows-amd64\native-platform.dll
0x00007ff8d5340000 - 0x00007ff8d5484000 	C:\Users\rayal\.gradle\native\38dada09dfb8b06ba9b0570ebf7e218e3eb74d4ef43ca46872605cf95ebc2f47\windows-amd64\native-platform-file-events.dll
0x00007ff9a7030000 - 0x00007ff9a7039000 	C:\Program Files\Android\Android Studio\jbr\bin\management.dll
0x00007ff9a6fc0000 - 0x00007ff9a6fcb000 	C:\Program Files\Android\Android Studio\jbr\bin\management_ext.dll
0x00007ff9bffd0000 - 0x00007ff9bffd8000 	C:\WINDOWS\System32\PSAPI.DLL
0x00007ff9bd660000 - 0x00007ff9bd67b000 	C:\WINDOWS\SYSTEM32\CRYPTSP.dll
0x00007ff9bcd70000 - 0x00007ff9bcda9000 	C:\WINDOWS\system32\rsaenh.dll
0x00007ff9bd430000 - 0x00007ff9bd462000 	C:\WINDOWS\SYSTEM32\USERENV.dll
0x00007ff9bdf70000 - 0x00007ff9bdf9a000 	C:\WINDOWS\SYSTEM32\bcrypt.dll
0x00007ff9bd680000 - 0x00007ff9bd68c000 	C:\WINDOWS\SYSTEM32\CRYPTBASE.dll
0x00007ff9bc870000 - 0x00007ff9bc8a3000 	C:\WINDOWS\SYSTEM32\IPHLPAPI.DLL
0x00007ff9c14f0000 - 0x00007ff9c14fa000 	C:\WINDOWS\System32\NSI.dll
0x00007ff9b0900000 - 0x00007ff9b091d000 	C:\WINDOWS\SYSTEM32\dhcpcsvc6.DLL
0x00007ff9b08d0000 - 0x00007ff9b08f3000 	C:\WINDOWS\SYSTEM32\dhcpcsvc.DLL
0x00007ff9bc8b0000 - 0x00007ff9bc9da000 	C:\WINDOWS\SYSTEM32\DNSAPI.dll
0x00007ff9685f0000 - 0x00007ff9685f8000 	C:\WINDOWS\system32\wshunix.dll
0x00007ff9964d0000 - 0x00007ff9964e8000 	C:\WINDOWS\system32\napinsp.dll
0x00007ff996380000 - 0x00007ff996392000 	C:\WINDOWS\System32\winrnr.dll
0x00007ff995e40000 - 0x00007ff995e62000 	C:\WINDOWS\system32\nlansp_c.dll
0x00007ff9a95c0000 - 0x00007ff9a95d6000 	C:\WINDOWS\system32\wshbth.dll
0x00007ff9aec90000 - 0x00007ff9aec9b000 	C:\Windows\System32\rasadhlp.dll
0x00007ff9b09c0000 - 0x00007ff9b0a46000 	C:\WINDOWS\System32\fwpuclnt.dll

dbghelp: loaded successfully - version: 4.0.5 - missing functions: none
symbol engine: initialized successfully - sym options: 0x614 - pdb path: .;C:\Program Files\Android\Android Studio\jbr\bin;C:\WINDOWS\SYSTEM32;C:\WINDOWS\WinSxS\amd64_microsoft.windows.common-controls_6595b64144ccf1df_6.0.26100.8037_none_3e092faae333b53b;C:\Program Files\Android\Android Studio\jbr\bin\server;C:\Users\rayal\.gradle\native\c067742578af261105cb4f569cf0c3c89f3d7b1fecec35dd04571415982c5e48\windows-amd64;C:\Users\rayal\.gradle\native\38dada09dfb8b06ba9b0570ebf7e218e3eb74d4ef43ca46872605cf95ebc2f47\windows-amd64

VM Arguments:
jvm_args: --add-opens=java.base/java.util=ALL-UNNAMED --add-opens=java.base/java.lang=ALL-UNNAMED --add-opens=java.base/java.lang.invoke=ALL-UNNAMED --add-opens=java.prefs/java.util.prefs=ALL-UNNAMED --add-opens=java.base/java.nio.charset=ALL-UNNAMED --add-opens=java.base/java.net=ALL-UNNAMED --add-opens=java.base/java.util.concurrent.atomic=ALL-UNNAMED -Xmx2048m -Dfile.encoding=UTF-8 -Duser.country=US -Duser.language=en -Duser.variant -javaagent:C:\Users\rayal\.gradle\wrapper\dists\gradle-8.4-bin\1w5dpkrfk8irigvoxmyhowfim\gradle-8.4\lib\agents\gradle-instrumentation-agent-8.4.jar 
java_command: org.gradle.launcher.daemon.bootstrap.GradleDaemon 8.4
java_class_path (initial): C:\Users\rayal\.gradle\wrapper\dists\gradle-8.4-bin\1w5dpkrfk8irigvoxmyhowfim\gradle-8.4\lib\gradle-launcher-8.4.jar
Launcher Type: SUN_STANDARD

[Global flags]
     intx CICompilerCount                          = 3                                         {product} {ergonomic}
     uint ConcGCThreads                            = 1                                         {product} {ergonomic}
     uint G1ConcRefinementThreads                  = 4                                         {product} {ergonomic}
   size_t G1HeapRegionSize                         = 1048576                                   {product} {ergonomic}
    uintx GCDrainStackTargetSize                   = 64                                        {product} {ergonomic}
   size_t InitialHeapSize                          = 132120576                                 {product} {ergonomic}
   size_t MarkStackSize                            = 4194304                                   {product} {ergonomic}
   size_t MaxHeapSize                              = 2147483648                                {product} {command line}
   size_t MaxNewSize                               = 1287651328                                {product} {ergonomic}
   size_t MinHeapDeltaBytes                        = 1048576                                   {product} {ergonomic}
   size_t MinHeapSize                              = 8388608                                   {product} {ergonomic}
    uintx NonNMethodCodeHeapSize                   = 5832780                                {pd product} {ergonomic}
    uintx NonProfiledCodeHeapSize                  = 122912730                              {pd product} {ergonomic}
    uintx ProfiledCodeHeapSize                     = 122912730                              {pd product} {ergonomic}
    uintx ReservedCodeCacheSize                    = 251658240                              {pd product} {ergonomic}
     bool SegmentedCodeCache                       = true                                      {product} {ergonomic}
   size_t SoftMaxHeapSize                          = 2147483648                             {manageable} {ergonomic}
     bool UseCompressedClassPointers               = true                           {product lp64_product} {ergonomic}
     bool UseCompressedOops                        = true                           {product lp64_product} {ergonomic}
     bool UseG1GC                                  = true                                      {product} {ergonomic}
     bool UseLargePagesIndividualAllocation        = false                                  {pd product} {ergonomic}

Logging:
Log output configuration:
 #0: stdout all=warning uptime,level,tags
 #1: stderr all=off uptime,level,tags

Environment Variables:
JAVA_HOME=C:\Program Files\OpenLogic\jdk-17.0.14.7-hotspot\
PATH=C:\Program Files\OpenLogic\jdk-17.0.14.7-hotspot\bin;C:\Users\rayal\AppData\Local\Programs\Python\Python312\Scripts;C:\Windows\System32\HWAudioDriverLibs;C:\Windows\system32;C:\Windows;C:\Windows\System32\Wbem;C:\Windows\System32\WindowsPowerShell\v1.0\;C:\Windows\System32\OpenSSH\;C:\Users\Administrator\AppData\Local\Microsoft\WindowsApps;C:\WINDOWS\system32;C:\WINDOWS;C:\WINDOWS\System32\Wbem;C:\WINDOWS\System32\WindowsPowerShell\v1.0\;C:\WINDOWS\System32\OpenSSH\;D:\Applications\Git\cmd;C:\Program Files\dotnet\;C:\Program Files (x86)\Windows Kits\10\Windows Performance Toolkit\;D:\Applications\nodejs\;D:\Applications\;C:\Users\rayal\AppData\Local\Programs\Python\Python312\Scripts;C:\Users\rayal\AppData\Local\Programs\Python\Launcher\;C:\Users\rayal\AppData\Local\Microsoft\WindowsApps;D:\Applications\Microsoft VS Code\bin;C:\Users\rayal\AppData\Local\Muse Hub\lib;C:\Users\rayal\AppData\Roaming\npm;C:\Users\rayal\AppData\Local\GitHubDesktop\bin
USERNAME=rayal
OS=Windows_NT
PROCESSOR_IDENTIFIER=Intel64 Family 6 Model 140 Stepping 1, GenuineIntel
TMP=C:\Users\rayal\AppData\Local\Temp
TEMP=C:\Users\rayal\AppData\Local\Temp



Periodic native trim disabled

JNI global refs:
JNI global refs: 25, weak refs: 1

JNI global refs memory usage: 843, weak refs: 841

OOME stack traces (most recent first):
Classloader memory used:
Loader org.gradle.internal.classloader.VisitableURLClassLoader                         : 4819K
Loader org.gradle.internal.classloader.VisitableURLClassLoader$InstrumentingVisitableURLClassLoader: 3796K
Loader bootstrap                                                                       : 3180K
Loader org.gradle.initialization.MixInLegacyTypesClassLoader                           : 1315K
Loader jdk.internal.reflect.DelegatingClassLoader                                      : 82480B
Loader jdk.internal.loader.ClassLoaders$PlatformClassLoader                            : 68472B
Loader jdk.internal.loader.ClassLoaders$AppClassLoader                                 : 28458B
Loader org.gradle.internal.classloader.VisitableURLClassLoader                         : 8429B
Loader sun.reflect.misc.MethodUtil                                                     : 373B


[error occurred during error reporting (Classloader stats), id 0xe0000001, Out of Memory Error (s\src\hotspot\share\memory\arena.cpp:79)]


---------------  S Y S T E M  ---------------

OS:
 Windows 11 , 64 bit Build 26100 (10.0.26100.7920)
OS uptime: 0 days 4:30 hours

CPU: total 4 (initial active 4) (2 cores per cpu, 2 threads per core) family 6 model 140 stepping 1 microcode 0x8a, cx8, cmov, fxsr, ht, mmx, 3dnowpref, sse, sse2, sse3, ssse3, sse4.1, sse4.2, popcnt, lzcnt, tsc, tscinvbit, avx, avx2, aes, erms, clmul, bmi1, bmi2, adx, avx512f, avx512dq, avx512cd, avx512bw, avx512vl, sha, fma, vzeroupper, avx512_vpopcntdq, avx512_vpclmulqdq, avx512_vaes, avx512_vnni, clflush, clflushopt, clwb, avx512_vbmi2, avx512_vbmi
Processor Information for all 4 processors :
  Max Mhz: 2995, Current Mhz: 2995, Mhz Limit: 2995

Memory: 4k page, system-wide physical 7991M (600M free)
TotalPageFile size 23351M (AvailPageFile size 0M)
current process WorkingSet (physical memory assigned to process): 390M, peak: 437M
current process commit charge ("private bytes"): 504M, peak: 510M

vm_info: OpenJDK 64-Bit Server VM (17.0.9+0--11185874) for windows-amd64 JRE (17.0.9+0--11185874), built on Dec  6 2023 18:57:44 by "androidbuild" with MS VC++ 16.10 / 16.11 (VS2019)

END.
